{"fix": "E1", "rows": 777, "failed": 231, "all_pass": false}
ERROR 1: PROJ: proj_create_from_database: Open of /home/jin/miniforge3/envs/pypsa-earth/share/proj failed
INFO:test:adding heat
/home/jin/miniforge3/envs/pypsa-earth/lib/python3.11/site-packages/pypsa/components.py:929: PerformanceWarning: DataFrame is highly fragmented.  This is usually the result of calling `frame.insert` many times, which has poor performance.  Consider joining all columns at once using pd.concat(axis=1) instead. To get a de-fragmented frame, use `newframe = frame.copy()`
  cls_pnl[k][name] = pd.Series(data=v, index=self.snapshots, dtype=typ)
INFO:test:adding heat
/home/jin/miniforge3/envs/pypsa-earth/lib/python3.11/site-packages/pypsa/components.py:929: PerformanceWarning: DataFrame is highly fragmented.  This is usually the result of calling `frame.insert` many times, which has poor performance.  Consider joining all columns at once using pd.concat(axis=1) instead. To get a de-fragmented frame, use `newframe = frame.copy()`
  cls_pnl[k][name] = pd.Series(data=v, index=self.snapshots, dtype=typ)
INFO:test:adding heat
/home/jin/miniforge3/envs/pypsa-earth/lib/python3.11/site-packages/pypsa/components.py:929: PerformanceWarning: DataFrame is highly fragmented.  This is usually the result of calling `frame.insert` many times, which has poor performance.  Consider joining all columns at once using pd.concat(axis=1) instead. To get a de-fragmented frame, use `newframe = frame.copy()`
  cls_pnl[k][name] = pd.Series(data=v, index=self.snapshots, dtype=typ)
INFO:test:adding heat
/home/jin/miniforge3/envs/pypsa-earth/lib/python3.11/site-packages/pypsa/components.py:929: PerformanceWarning: DataFrame is highly fragmented.  This is usually the result of calling `frame.insert` many times, which has poor performance.  Consider joining all columns at once using pd.concat(axis=1) instead. To get a de-fragmented frame, use `newframe = frame.copy()`
  cls_pnl[k][name] = pd.Series(data=v, index=self.snapshots, dtype=typ)
INFO:test:adding heat
/home/jin/miniforge3/envs/pypsa-earth/lib/python3.11/site-packages/pypsa/components.py:929: PerformanceWarning: DataFrame is highly fragmented.  This is usually the result of calling `frame.insert` many times, which has poor performance.  Consider joining all columns at once using pd.concat(axis=1) instead. To get a de-fragmented frame, use `newframe = frame.copy()`
  cls_pnl[k][name] = pd.Series(data=v, index=self.snapshots, dtype=typ)
INFO:test:adding heat
/home/jin/miniforge3/envs/pypsa-earth/lib/python3.11/site-packages/pypsa/components.py:929: PerformanceWarning: DataFrame is highly fragmented.  This is usually the result of calling `frame.insert` many times, which has poor performance.  Consider joining all columns at once using pd.concat(axis=1) instead. To get a de-fragmented frame, use `newframe = frame.copy()`
  cls_pnl[k][name] = pd.Series(data=v, index=self.snapshots, dtype=typ)
INFO:test:adding heat
/home/jin/miniforge3/envs/pypsa-earth/lib/python3.11/site-packages/pypsa/components.py:929: PerformanceWarning: DataFrame is highly fragmented.  This is usually the result of calling `frame.insert` many times, which has poor performance.  Consider joining all columns at once using pd.concat(axis=1) instead. To get a de-fragmented frame, use `newframe = frame.copy()`
  cls_pnl[k][name] = pd.Series(data=v, index=self.snapshots, dtype=typ)
