ERROR 1: PROJ: proj_create_from_database: Open of /home/jin/miniforge3/envs/pypsa-earth/share/proj failed
test_added_supplier_revokes (test_fixed_accounts_price_basis.FixedTests.test_added_supplier_revokes) ... ok
test_carbon_credit_port_rejected (test_fixed_accounts_price_basis.FixedTests.test_carbon_credit_port_rejected) ... ok
test_cyclic_loss_or_extendability_rejected (test_fixed_accounts_price_basis.FixedTests.test_cyclic_loss_or_extendability_rejected) ... ok
test_diversion_rejected (test_fixed_accounts_price_basis.FixedTests.test_diversion_rejected) ... ok
test_free_supply_label_rejected (test_fixed_accounts_price_basis.FixedTests.test_free_supply_label_rejected) ... ok
test_hook_absence_rejected (test_fixed_accounts_price_basis.FixedTests.test_hook_absence_rejected) ... ok
test_null_cost_factor_and_quantity_preserved (test_fixed_accounts_price_basis.FixedTests.test_null_cost_factor_and_quantity_preserved) ... ok
test_quantities_do_not_close (test_fixed_accounts_price_basis.FixedTests.test_quantities_do_not_close) ... ok
test_report_cannot_claim_full (test_fixed_accounts_price_basis.FixedTests.test_report_cannot_claim_full) ... ok
test_roundtrip_keeps_external_identity (test_fixed_accounts_price_basis.FixedTests.test_roundtrip_keeps_external_identity) ... INFO:pypsa.io:Exported network 'SYNTHETIC_TEST_ONLY.nc' contains: buses, stores, links, loads, carriers
INFO:pypsa.io:Imported network SYNTHETIC_TEST_ONLY.nc has buses, carriers, links, loads, stores
ok
test_time_price_change_rejected (test_fixed_accounts_price_basis.FixedTests.test_time_price_change_rejected) ... ok
test_two_sources_same_fixed_account_sum_once (test_fixed_accounts_price_basis.FixedTests.test_two_sources_same_fixed_account_sum_once) ... ok
test_unknown_commodity_not_approved (test_fixed_accounts_price_basis.FixedTests.test_unknown_commodity_not_approved) ... ok
test_weights_change_rejected (test_fixed_accounts_price_basis.FixedTests.test_weights_change_rejected) ... ok
test_connected_port_missing_coefficient_rejects (test_final_physical_checks.PhysicalChecks.test_connected_port_missing_coefficient_rejects) ... ok
test_missing_real_cost_rejects (test_final_physical_checks.PhysicalChecks.test_missing_real_cost_rejects) ... ok
test_pending_animal_structural_proof_does_not_accept_boundary (test_final_physical_checks.PhysicalChecks.test_pending_animal_structural_proof_does_not_accept_boundary) ... ok
test_pending_commodity_still_fails_diversion (test_final_physical_checks.PhysicalChecks.test_pending_commodity_still_fails_diversion) ... ok
test_unconnected_port_has_no_coefficient (test_final_physical_checks.PhysicalChecks.test_unconnected_port_has_no_coefficient) ... ok

----------------------------------------------------------------------
Ran 19 tests in 3.545s

OK
NO_OPTIMIZATION_VARIABLES_CREATED
