ledger 1518 2050 {'PENDING': 330}
costs [
  {
    "technology": "Fischer-Tropsch",
    "parameter": "FOM",
    "value": "3.0",
    "unit": "%/year",
    "source": "Agora Energiewende (2018): The Future Cost of Electricity-Based Synthetic Fuels (https://www.agora-energiewende.de/en/publications/the-future-cost-of-electricity-based-synthetic-fuels-1/), section 6.3.2.1.",
    "further description": "",
    "currency_year": "2017.0"
  },
  {
    "technology": "Fischer-Tropsch",
    "parameter": "efficiency",
    "value": "0.799",
    "unit": "per unit",
    "source": "Agora Energiewende (2018): The Future Cost of Electricity-Based Synthetic Fuels (https://www.agora-energiewende.de/en/publications/the-future-cost-of-electricity-based-synthetic-fuels-1/), section 6.3.2.2.",
    "further description": "",
    "currency_year": "2017.0"
  },
  {
    "technology": "Fischer-Tropsch",
    "parameter": "investment",
    "value": "519738.882",
    "unit": "EUR/MW_FT",
    "source": "Agora Energiewende (2018): The Future Cost of Electricity-Based Synthetic Fuels (https://www.agora-energiewende.de/en/publications/the-future-cost-of-electricity-based-synthetic-fuels-1/), table 8: \u201cReference scenario\u201d.",
    "further description": "Well developed technology, no significant learning expected.",
    "currency_year": "2017.0"
  },
  {
    "technology": "Fischer-Tropsch",
    "parameter": "lifetime",
    "value": "20.0",
    "unit": "years",
    "source": "Danish Energy Agency, Technology Data for Renewable Fuels (04/2022), Data sheet \u201cMethanol to Power\u201d.",
    "further description": "",
    "currency_year": "2017.0"
  },
  {
    "technology": "coal",
    "parameter": "FOM",
    "value": "1.31",
    "unit": "%/year",
    "source": "Lazard's levelized cost of energy analysis - version 16.0 (2023): https://www.lazard.com/media/typdgxmm/lazards-lcoeplus-april-2023.pdf , pg. 49 (Levelized Cost of Energy - Key Assumptions), accessed: 2023-12-14.",
    "further description": "Calculated based on average of listed range, i.e. (39.5+91.25) USD/kW_e/a /2 / (1.09 USD/EUR) / investment cost * 100.",
    "currency_year": "2023.0"
  },
  {
    "technology": "coal",
    "parameter": "efficiency",
    "value": "0.356",
    "unit": "p.u.",
    "source": "Lazard's levelized cost of energy analysis - version 16.0 (2023): https://www.lazard.com/media/typdgxmm/lazards-lcoeplus-april-2023.pdf , pg. 49 (Levelized Cost of Energy - Key Assumptions), accessed: 2023-12-14.",
    "further description": "Calculated based on average of listed range, i.e. 1 / ((8.75+12) MMbtu/MWh_th /2 / (3.4095 MMbtu/MWh_th)), rounded up.",
    "currency_year": "2023.0"
  },
  {
    "technology": "coal",
    "parameter": "fuel",
    "value": "9.5542",
    "unit": "EUR/MWh_th",
    "source": "DIW (2013): Current and propsective costs of electricity generation until 2050, http://hdl.handle.net/10419/80348 , pg. 80 text below figure 10, accessed: 2023-12-14.",
    "further description": "Based on IEA 2011 data, 99 USD/t.",
    "currency_year": "2010.0"
  },
  {
    "technology": "coal",
    "parameter": "investment",
    "value": "3827.1629",
    "unit": "EUR/kW_e",
    "source": "Lazard's levelized cost of energy analysis - version 16.0 (2023): https://www.lazard.com/media/typdgxmm/lazards-lcoeplus-april-2023.pdf , pg. 49 (Levelized Cost of Energy - Key Assumptions), accessed: 2023-12-14.",
    "further description": "Higher costs include coal plants with CCS, but since using here for calculating the average nevertheless. Calculated based on average of listed range, i.e. (3200+6775) USD/kW_e/2 / (1.09 USD/EUR).",
    "currency_year": "2023.0"
  },
  {
    "technology": "coal",
    "parameter": "lifetime",
    "value": "40.0",
    "unit": "years",
    "source": "Lazard's levelized cost of energy analysis - version 16.0 (2023): https://www.lazard.com/media/typdgxmm/lazards-lcoeplus-april-2023.pdf , pg. 49 (Levelized Cost of Energy - Key Assumptions), accessed: 2023-12-14.",
    "further description": "",
    "currency_year": "2023.0"
  },
  {
    "technology": "electrolysis",
    "parameter": "FOM",
    "value": "4.0",
    "unit": "%/year",
    "source": "Danish Energy Agency, inputs/data_sheets_for_renewable_fuels.xlsx",
    "further description": "86 AEC 100 MW:  Fixed O&M ",
    "currency_year": "2020.0"
  },
  {
    "technology": "electrolysis",
    "parameter": "efficiency",
    "value": "0.6994",
    "unit": "per unit",
    "source": "Danish Energy Agency, inputs/data_sheets_for_renewable_fuels.xlsx",
    "further description": "86 AEC 100 MW:  Hydrogen Output",
    "currency_year": "2020.0"
  },
  {
    "technology": "electrolysis",
    "parameter": "investment",
    "value": "1000.0",
    "unit": "EUR/kW_e",
    "source": "private communications; IEA https://iea.blob.core.windows.net/assets/9e0c82d4-06d2-496b-9542-f184ba803645/TheRoleofE-fuelsinDecarbonisingTransport.pdf",
    "further description": "",
    "currency_year": "2020.0"
  },
  {
    "technology": "electrolysis",
    "parameter": "lifetime",
    "value": "25.0",
    "unit": "years",
    "source": "Danish Energy Agency, inputs/data_sheets_for_renewable_fuels.xlsx",
    "further description": "86 AEC 100 MW:  Technical lifetime",
    "currency_year": "2020.0"
  },
  {
    "technology": "gas",
    "parameter": "fuel",
    "value": "24.568",
    "unit": "EUR/MWh_th",
    "source": "DIW (2013): Current and propsective costs of electricity generation until 2050, http://hdl.handle.net/10419/80348 , pg. 80 text below figure 10, accessed: 2023-12-14.",
    "further description": "Based on IEA 2011 data.",
    "currency_year": "2010.0"
  },
  {
    "technology": "hydrogen storage tank type 1 including compressor",
    "parameter": "FOM",
    "value": "1.9048",
    "unit": "%/year",
    "source": "Danish Energy Agency, inputs/technology_data_catalogue_for_energy_storage.xlsx",
    "further description": "151a Hydrogen Storage - Tanks:  Fixed O&M",
    "currency_year": "2020.0"
  },
  {
    "technology": "hydrogen storage tank type 1 including compressor",
    "parameter": "investment",
    "value": "22.3314",
    "unit": "EUR/kWh",
    "source": "Danish Energy Agency, inputs/technology_data_catalogue_for_energy_storage.xlsx",
    "further description": "151a Hydrogen Storage - Tanks:  Specific investment",
    "currency_year": "2020.0"
  },
  {
    "technology": "hydrogen storage tank type 1 including compressor",
    "parameter": "lifetime",
    "value": "30.0",
    "unit": "years",
    "source": "Danish Energy Agency, inputs/technology_data_catalogue_for_energy_storage.xlsx",
    "further description": "151a Hydrogen Storage - Tanks:  Technical lifetime",
    "currency_year": "2020.0"
  },
  {
    "technology": "oil",
    "parameter": "FOM",
    "value": "2.4095",
    "unit": "%/year",
    "source": "Danish Energy Agency, inputs/technology_data_for_el_and_dh.xlsx",
    "further description": "50 Diesel engine farm:  Fixed O&M",
    "currency_year": "2015.0"
  },
  {
    "technology": "oil",
    "parameter": "efficiency",
    "value": "0.35",
    "unit": "per unit",
    "source": "Danish Energy Agency, inputs/technology_data_for_el_and_dh.xlsx",
    "further description": "50 Diesel engine farm:  Electricity efficiency, annual average",
    "currency_year": "2015.0"
  },
  {
    "technology": "oil",
    "parameter": "fuel",
    "value": "52.9111",
    "unit": "EUR/MWhth",
    "source": "IEA WEM2017 97USD/boe = http://www.iea.org/media/weowebsite/2017/WEM_Documentation_WEO2017.pdf",
    "further description": " from old pypsa cost assumptions",
    "currency_year": "2015.0"
  },
  {
    "technology": "oil",
    "parameter": "investment",
    "value": "355.5625",
    "unit": "EUR/kW",
    "source": "Danish Energy Agency, inputs/technology_data_for_el_and_dh.xlsx",
    "further description": "50 Diesel engine farm:  Specific investment",
    "currency_year": "2015.0"
  },
  {
    "technology": "oil",
    "parameter": "lifetime",
    "value": "25.0",
    "unit": "years",
    "source": "Danish Energy Agency, inputs/technology_data_for_el_and_dh.xlsx",
    "further description": "50 Diesel engine farm:  Technical lifetime",
    "currency_year": "2015.0"
  }
]
data/demand/growth_factors_cagr.csv ['DEFAULT', 'MA', 'NA', 'US']
data/demand/industry_growth_cagr.csv ['DEFAULT', 'MA', 'NA', 'US']
data/demand/efficiency_gains_cagr.csv ['DEFAULT', 'MA', 'US']
