/home/jin/research/SGP_ESE5004_Stage2/phase2/research_model/scripts_project/research_topology.py:7: ResourceWarning: unclosed file <_io.TextIOWrapper name='/home/jin/research/SGP_ESE5004_Stage2/phase2/research_model/data/osm-plus-prebuilt/0.1.1/all_buses_build_network.csv' mode='r' encoding='UTF-8'>
  return {k:list(csv.DictReader((Path(folder)/name).open(newline=''))) for k,name in FILES.items()}
ResourceWarning: Enable tracemalloc to get the object allocation traceback
/home/jin/research/SGP_ESE5004_Stage2/phase2/research_model/scripts_project/research_topology.py:7: ResourceWarning: unclosed file <_io.TextIOWrapper name='/home/jin/research/SGP_ESE5004_Stage2/phase2/research_model/data/osm-plus-prebuilt/0.1.1/all_lines_build_network.csv' mode='r' encoding='UTF-8'>
  return {k:list(csv.DictReader((Path(folder)/name).open(newline=''))) for k,name in FILES.items()}
ResourceWarning: Enable tracemalloc to get the object allocation traceback
/home/jin/research/SGP_ESE5004_Stage2/phase2/research_model/scripts_project/research_topology.py:7: ResourceWarning: unclosed file <_io.TextIOWrapper name='/home/jin/research/SGP_ESE5004_Stage2/phase2/research_model/data/osm-plus-prebuilt/0.1.1/all_transformers_build_network.csv' mode='r' encoding='UTF-8'>
  return {k:list(csv.DictReader((Path(folder)/name).open(newline=''))) for k,name in FILES.items()}
ResourceWarning: Enable tracemalloc to get the object allocation traceback
/home/jin/research/SGP_ESE5004_Stage2/phase2/research_model/scripts_project/research_topology.py:7: ResourceWarning: unclosed file <_io.TextIOWrapper name='/home/jin/research/SGP_ESE5004_Stage2/phase2/research_model/data/osm-plus-prebuilt/0.1.1/all_converters_build_network.csv' mode='r' encoding='UTF-8'>
  return {k:list(csv.DictReader((Path(folder)/name).open(newline=''))) for k,name in FILES.items()}
ResourceWarning: Enable tracemalloc to get the object allocation traceback
/home/jin/research/SGP_ESE5004_Stage2/phase2/research_model/scripts_project/research_topology.py:7: ResourceWarning: unclosed file <_io.TextIOWrapper name='/home/jin/research/SGP_ESE5004_Stage2/phase2/research_model/data/osm-plus-prebuilt/0.1.1/all_clean_generators.csv' mode='r' encoding='UTF-8'>
  return {k:list(csv.DictReader((Path(folder)/name).open(newline=''))) for k,name in FILES.items()}
ResourceWarning: Enable tracemalloc to get the object allocation traceback
test_765_is_retained_766_not_fabricated (__main__.TopologyTests.test_765_is_retained_766_not_fabricated) ... ok
test_actual_all_references_valid (__main__.TopologyTests.test_actual_all_references_valid) ... FAIL
test_duplicate_bus_rejected (__main__.TopologyTests.test_duplicate_bus_rejected) ... ok
test_missing_converter_endpoint_detected (__main__.TopologyTests.test_missing_converter_endpoint_detected) ... ok
test_missing_line_endpoint_detected (__main__.TopologyTests.test_missing_line_endpoint_detected) ... ok
test_missing_transformer_endpoint_detected (__main__.TopologyTests.test_missing_transformer_endpoint_detected) ... ok
test_nonfinite_coordinate_rejected (__main__.TopologyTests.test_nonfinite_coordinate_rejected) ... ok
test_obsolete_transformer_absent (__main__.TopologyTests.test_obsolete_transformer_absent) ... FAIL
test_unknown_country_rejected (__main__.TopologyTests.test_unknown_country_rejected) ... ok

======================================================================
FAIL: test_actual_all_references_valid (__main__.TopologyTests.test_actual_all_references_valid)
----------------------------------------------------------------------
Traceback (most recent call last):
  File "/home/jin/research/SGP_ESE5004_Stage2/phase2/research_model/tests/research/test_topology_integrity.py", line 9, in test_actual_all_references_valid
    def test_actual_all_references_valid(self):self.assertEqual(inspect(self.t)['issues'],[])
                                               ^^^^^^^^^^^^^^^^^^^^^^^^^^^^^^^^^^^^^^^^^^^^^^
AssertionError: Lists differ: [{'issue': 'TRANSFORMER_COUNTRY_MISMATCH',[258 chars]6']}] != []

First list contains 4 additional elements.
First extra element 0:
{'issue': 'TRANSFORMER_COUNTRY_MISMATCH', 'name': 'transf_407_0'}

+ []
- [{'issue': 'TRANSFORMER_COUNTRY_MISMATCH', 'name': 'transf_407_0'},
-  {'issue': 'TRANSFORMER_COUNTRY_MISMATCH', 'name': 'transf_443_0'},
-  {'issue': 'TRANSFORMER_COUNTRY_MISMATCH', 'name': 'transf_501_0'},
-  {'component': 'Transformer',
-   'issue': 'DANGLING_ENDPOINT',
-   'missing': ['766'],
-   'name': 'transf_524_0'}]

======================================================================
FAIL: test_obsolete_transformer_absent (__main__.TopologyTests.test_obsolete_transformer_absent)
----------------------------------------------------------------------
Traceback (most recent call last):
  File "/home/jin/research/SGP_ESE5004_Stage2/phase2/research_model/tests/research/test_topology_integrity.py", line 12, in test_obsolete_transformer_absent
    def test_obsolete_transformer_absent(self):self.assertNotIn('transf_524_0',{r['line_id'] for r in self.t['Transformer']})
                                               ^^^^^^^^^^^^^^^^^^^^^^^^^^^^^^^^^^^^^^^^^^^^^^^^^^^^^^^^^^^^^^^^^^^^^^^^^^^^^^
AssertionError: 'transf_524_0' unexpectedly found in {'transf_703_0', 'transf_319_2', 'transf_531_0', 'transf_48_0', 'transf_170_0', 'transf_499_2', 'transf_323_0', 'transf_696_1', 'transf_1087_0', 'transf_688_1', 'transf_855_0', 'transf_1425_0', 'transf_335_0', 'transf_1648_1', 'transf_616_0', 'transf_685_1', 'transf_1521_0', 'transf_314_0', 'transf_129_0', 'transf_436_1', 'transf_555_0', 'transf_822_0', 'transf_588_1', 'transf_398_0', 'transf_660_0', 'transf_355_0', 'transf_439_0', 'transf_228_0', 'transf_833_1', 'transf_1085_0', 'transf_217_0', 'transf_1120_0', 'transf_172_0', 'transf_600_0', 'transf_71_0', 'transf_454_0', 'transf_5_0', 'transf_396_0', 'transf_633_0', 'transf_750_0', 'transf_1482_0', 'transf_739_0', 'transf_1044_0', 'transf_101_0', 'transf_108_0', 'transf_865_0', 'transf_839_0', 'transf_364_0', 'transf_601_0', 'transf_691_0', 'transf_1045_0', 'transf_755_0', 'transf_931_0', 'transf_713_0', 'transf_729_0', 'transf_445_0', 'transf_403_0', 'transf_1766_0', 'transf_315_0', 'transf_824_0', 'transf_1518_1', 'transf_832_0', 'transf_70_0', 'transf_347_1', 'transf_685_0', 'transf_825_1', 'transf_415_0', 'transf_349_0', 'transf_360_0', 'transf_819_0', 'transf_424_0', 'transf_348_0', 'transf_664_0', 'transf_707_1', 'transf_714_0', 'transf_569_0', 'transf_788_0', 'transf_109_0', 'transf_687_0', 'transf_1520_1', 'transf_868_0', 'transf_770_0', 'transf_425_0', 'transf_898_0', 'transf_738_0', 'transf_1334_0', 'transf_574_0', 'transf_1018_0', 'transf_811_2', 'transf_482_0', 'transf_1648_0', 'transf_364_1', 'transf_124_0', 'transf_106_1', 'transf_949_0', 'transf_347_0', 'transf_37_0', 'transf_399_0', 'transf_538_0', 'transf_560_1', 'transf_811_4', 'transf_844_0', 'transf_836_0', 'transf_1435_0', 'transf_43_0', 'transf_261_0', 'transf_679_0', 'transf_684_0', 'transf_66_0', 'transf_599_0', 'transf_766_0', 'transf_617_0', 'transf_185_1', 'transf_728_0', 'transf_749_0', 'transf_123_0', 'transf_775_1', 'transf_433_0', 'transf_1337_0', 'transf_726_0', 'transf_1602_0', 'transf_812_1', 'transf_816_1', 'transf_408_1', 'transf_489_0', 'transf_1060_0', 'transf_826_1', 'transf_421_0', 'transf_745_0', 'transf_86_0', 'transf_1642_0', 'transf_444_0', 'transf_661_0', 'transf_579_1', 'transf_858_0', 'transf_106_0', 'transf_849_0', 'transf_821_0', 'transf_810_0', 'transf_884_0', 'transf_0_0', 'transf_1050_0', 'transf_906_2', 'transf_675_0', 'transf_1012_0', 'transf_843_1', 'transf_737_0', 'transf_811_3', 'transf_956_0', 'transf_882_0', 'transf_960_0', 'transf_577_0', 'transf_1641_0', 'transf_546_0', 'transf_558_2', 'transf_547_0', 'transf_685_2', 'transf_906_0', 'transf_560_0', 'transf_60_0', 'transf_591_0', 'transf_1509_0', 'transf_1520_0', 'transf_554_1', 'transf_1016_0', 'transf_878_0', 'transf_748_0', 'transf_114_0', 'transf_1378_0', 'transf_13_0', 'transf_411_0', 'transf_556_1', 'transf_93_0', 'transf_906_1', 'transf_564_0', 'transf_354_0', 'transf_312_0', 'transf_814_0', 'transf_1117_0', 'transf_308_0', 'transf_7_1', 'transf_702_0', 'transf_589_0', 'transf_701_0', 'transf_77_0', 'transf_632_0', 'transf_419_0', 'transf_407_0', 'transf_1519_0', 'transf_318_0', 'transf_698_0', 'transf_431_0', 'transf_856_0', 'transf_455_0', 'transf_587_0', 'transf_860_0', 'transf_707_0', 'transf_822_1', 'transf_673_0', 'transf_813_1', 'transf_838_0', 'transf_558_1', 'transf_410_0', 'transf_1370_0', 'transf_11_1', 'transf_879_0', 'transf_1369_0', 'transf_678_0', 'transf_1801_0', 'transf_511_0', 'transf_1196_0', 'transf_850_1', 'transf_811_1', 'transf_426_0', 'transf_1429_0', 'transf_670_0', 'transf_456_0', 'transf_853_1', 'transf_181_0', 'transf_933_1', 'transf_825_2', 'transf_792_0', 'transf_796_0', 'transf_397_0', 'transf_851_0', 'transf_561_0', 'transf_790_0', 'transf_826_0', 'transf_548_0', 'transf_891_0', 'transf_350_1', 'transf_819_1', 'transf_741_0', 'transf_705_1', 'transf_1103_0', 'transf_611_0', 'transf_710_1', 'transf_893_1', 'transf_827_2', 'transf_1015_0', 'transf_84_1', 'transf_557_0', 'transf_517_1', 'transf_852_0', 'transf_608_0', 'transf_830_0', 'transf_1536_0', 'transf_2_0', 'transf_1646_0', 'transf_842_0', 'transf_469_0', 'transf_793_0', 'transf_3_0', 'transf_556_0', 'transf_363_0', 'transf_846_0', 'transf_730_0', 'transf_588_0', 'transf_471_0', 'transf_278_0', 'transf_121_0', 'transf_887_1', 'transf_757_0', 'transf_830_1', 'transf_779_0', 'transf_718_0', 'transf_764_0', 'transf_862_1', 'transf_1011_0', 'transf_150_0', 'transf_412_0', 'transf_942_0', 'transf_358_0', 'transf_550_0', 'transf_554_0', 'transf_449_0', 'transf_869_0', 'transf_418_0', 'transf_864_0', 'transf_1376_0', 'transf_1517_0', 'transf_458_1', 'transf_744_0', 'transf_175_0', 'transf_408_0', 'transf_331_0', 'transf_300_0', 'transf_444_1', 'transf_817_0', 'transf_922_0', 'transf_458_0', 'transf_218_0', 'transf_734_0', 'transf_443_0', 'transf_5_1', 'transf_1_0', 'transf_405_0', 'transf_67_0', 'transf_88_0', 'transf_499_1', 'transf_607_0', 'transf_335_1', 'transf_812_0', 'transf_545_0', 'transf_775_0', 'transf_499_0', 'transf_694_0', 'transf_814_1', 'transf_605_0', 'transf_783_0', 'transf_820_0', 'transf_840_0', 'transf_185_0', 'transf_1281_0', 'transf_1014_0', 'transf_448_1', 'transf_969_0', 'transf_32_0', 'transf_1580_0', 'transf_435_1', 'transf_689_1', 'transf_773_0', 'transf_446_0', 'transf_361_0', 'transf_87_0', 'transf_6_1', 'transf_1518_0', 'transf_816_0', 'transf_853_0', 'transf_959_0', 'transf_1491_0', 'transf_1436_0', 'transf_710_0', 'transf_229_1', 'transf_474_0', 'transf_841_1', 'transf_862_0', 'transf_435_0', 'transf_436_0', 'transf_608_1', 'transf_1597_0', 'transf_447_0', 'transf_898_1', 'transf_732_1', 'transf_848_1', 'transf_904_0', 'transf_467_0', 'transf_933_0', 'transf_1147_0', 'transf_858_1', 'transf_971_0', 'transf_309_0', 'transf_834_1', 'transf_952_0', 'transf_428_0', 'transf_338_0', 'transf_22_0', 'transf_357_1', 'transf_153_0', 'transf_964_0', 'transf_886_0', 'transf_1410_0', 'transf_818_0', 'transf_1584_0', 'transf_459_0', 'transf_517_0', 'transf_908_0', 'transf_422_1', 'transf_59_0', 'transf_1501_0', 'transf_254_0', 'transf_762_0', 'transf_855_1', 'transf_17_0', 'transf_927_0', 'transf_431_1', 'transf_116_0', 'transf_248_0', 'transf_558_0', 'transf_1556_0', 'transf_929_0', 'transf_873_0', 'transf_1595_0', 'transf_448_0', 'transf_892_0', 'transf_492_0', 'transf_863_0', 'transf_524_0', 'transf_457_0', 'transf_465_0', 'transf_875_0', 'transf_429_0', 'transf_346_0', 'transf_880_0', 'transf_756_0', 'transf_1580_1', 'transf_719_0', 'transf_494_0', 'transf_1440_0', 'transf_355_1', 'transf_712_0', 'transf_1510_0', 'transf_475_0', 'transf_798_0', 'transf_975_0', 'transf_573_0', 'transf_83_0', 'transf_1341_0', 'transf_42_0', 'transf_350_0', 'transf_413_0', 'transf_51_0', 'transf_413_1', 'transf_1665_0', 'transf_422_0', 'transf_183_0', 'transf_466_1', 'transf_84_0', 'transf_922_1', 'transf_119_0', 'transf_122_0', 'transf_154_0', 'transf_1042_0', 'transf_464_0', 'transf_1407_0', 'transf_861_1', 'transf_963_0', 'transf_820_1', 'transf_200_0', 'transf_768_0', 'transf_165_0', 'transf_381_0', 'transf_815_0', 'transf_831_0', 'transf_29_0', 'transf_140_0', 'transf_104_0', 'transf_340_0', 'transf_907_0', 'transf_623_0', 'transf_876_0', 'transf_396_1', 'transf_686_0', 'transf_847_0', 'transf_894_1', 'transf_1377_0', 'transf_595_0', 'transf_859_0', 'transf_230_0', 'transf_739_1', 'transf_501_0', 'transf_133_0', 'transf_565_0', 'transf_697_0', 'transf_7_0', 'transf_58_0', 'transf_699_0', 'transf_1018_1', 'transf_685_3', 'transf_861_0', 'transf_418_2', 'transf_746_0', 'transf_836_1', 'transf_579_0', 'transf_828_0', 'transf_470_0', 'transf_778_0', 'transf_149_0', 'transf_216_0', 'transf_620_1', 'transf_905_0', 'transf_224_0', 'transf_665_0', 'transf_1482_1', 'transf_417_0', 'transf_1018_2', 'transf_843_0', 'transf_156_0', 'transf_645_0', 'transf_731_0', 'transf_688_0', 'transf_401_1', 'transf_848_0', 'transf_624_0', 'transf_1063_0', 'transf_254_1', 'transf_654_0', 'transf_896_0', 'transf_120_0', 'transf_1546_0', 'transf_1506_0', 'transf_561_1', 'transf_515_0', 'transf_18_0', 'transf_1177_0', 'transf_697_1', 'transf_751_0', 'transf_859_1', 'transf_845_0', 'transf_883_0', 'transf_894_0', 'transf_920_0', 'transf_706_0', 'transf_705_0', 'transf_342_1', 'transf_1122_0', 'transf_946_0', 'transf_483_0', 'transf_420_0', 'transf_460_0', 'transf_817_1', 'transf_829_0', 'transf_833_2', 'transf_403_1', 'transf_892_1', 'transf_402_0', 'transf_345_0', 'transf_732_0', 'transf_662_0', 'transf_689_0', 'transf_229_0', 'transf_791_0', 'transf_362_0', 'transf_76_0', 'transf_181_1', 'transf_11_0', 'transf_409_0', 'transf_317_0', 'transf_837_0', 'transf_640_0', 'transf_797_0', 'transf_889_0', 'transf_468_0', 'transf_416_0', 'transf_657_0', 'transf_813_0', 'transf_463_0', 'transf_743_0', 'transf_1494_0', 'transf_452_0', 'transf_676_0', 'transf_715_0', 'transf_549_0', 'transf_827_3', 'transf_406_0', 'transf_893_0', 'transf_1650_0', 'transf_645_1', 'transf_731_1', 'transf_371_0', 'transf_1396_0', 'transf_563_0', 'transf_412_1', 'transf_595_1', 'transf_343_0', 'transf_418_1', 'transf_857_0', 'transf_374_0', 'transf_834_0', 'transf_590_0', 'transf_528_0', 'transf_272_0', 'transf_98_0', 'transf_477_0', 'transf_853_2', 'transf_734_1', 'transf_580_0', 'transf_921_0', 'transf_1674_0', 'transf_887_0', 'transf_164_0', 'transf_491_0', 'transf_1061_0', 'transf_536_0', 'transf_594_0', 'transf_656_0', 'transf_598_0', 'transf_835_0', 'transf_497_0', 'transf_1487_0', 'transf_1115_0', 'transf_696_0', 'transf_841_0', 'transf_1623_0', 'transf_866_0', 'transf_6_0', 'transf_198_0', 'transf_356_0', 'transf_865_1', 'transf_782_0', 'transf_434_0', 'transf_1658_0', 'transf_867_0', 'transf_1723_0', 'transf_17_1', 'transf_438_0', 'transf_247_0', 'transf_733_0', 'transf_48_1', 'transf_811_5', 'transf_871_0', 'transf_981_0', 'transf_811_6', 'transf_666_0', 'transf_466_0', 'transf_684_1', 'transf_119_1', 'transf_631_0', 'transf_833_0', 'transf_938_0', 'transf_657_1', 'transf_1484_0', 'transf_602_0', 'transf_401_0', 'transf_1373_0', 'transf_57_0', 'transf_881_0', 'transf_1054_0', 'transf_250_0', 'transf_612_0', 'transf_821_1', 'transf_620_0', 'transf_430_0', 'transf_311_0', 'transf_314_1', 'transf_818_1', 'transf_947_0', 'transf_1493_0', 'transf_356_1', 'transf_587_1', 'transf_1178_0', 'transf_319_0', 'transf_177_0', 'transf_613_0', 'transf_700_0', 'transf_877_0', 'transf_597_0', 'transf_953_0', 'transf_669_0', 'transf_14_0', 'transf_450_0', 'transf_319_1', 'transf_357_0', 'transf_575_0', 'transf_850_0', 'transf_872_0', 'transf_342_0', 'transf_1439_0', 'transf_1426_0', 'transf_561_2', 'transf_815_1'}

----------------------------------------------------------------------
Ran 9 tests in 0.517s

FAILED (failures=2)
