Restricted license - for non-production use only - expires 2026-11-23
/home/jin/miniforge3/envs/pypsa-earth/lib/python3.11/site-packages/pulp/apis/gurobi_api.py:170: UserWarning: GUROBI error: Unknown parameter '_test'.
  warnings.warn("GUROBI error: {}.".format(e))
ERROR 1: PROJ: proj_create_from_database: Open of /home/jin/miniforge3/envs/pypsa-earth/share/proj failed
Config file config.default.yaml is extended by additional config specified via the command line.
Config file configs/bundle_config.yaml is extended by additional config specified via the command line.
Config file configs/powerplantmatching_config.yaml is extended by additional config specified via the command line.
Config file config.yaml is extended by additional config specified via the command line.
Demand data folder: data/ssp2-2.6/2030/era5_2013, load path is ['data/ssp2-2.6/2030/era5_2013/Asia.nc'].
Expected files: Asia.nc
Building DAG of jobs...
WorkflowError:
MissingInputException: Missing input files for rule build_shapes:
    output: resources/baseline-aims-3H/shapes/country_shapes.geojson, resources/baseline-aims-3H/shapes/offshore_shapes.geojson, resources/baseline-aims-3H/shapes/africa_shape.geojson, resources/baseline-aims-3H/shapes/gadm_shapes.geojson, resources/baseline-aims-3H/shapes/subregion_shapes.geojson
    affected files:
        data/eez/eez_v11.gpkg
MissingInputException: Missing input files for rule copy_defaultnatura_tiff:
    output: resources/baseline-aims-3H/natura.tiff
    affected files:
        data/natura/natura.tiff
