test_astar_duplicate (__main__.DemandTests.test_astar_duplicate) ... ok
test_bunker_domestic_conflict (__main__.DemandTests.test_bunker_domestic_conflict) ... ok
test_conversion_in_astar_conflict (__main__.DemandTests.test_conversion_in_astar_conflict) ... ok
test_duplicate_identity (__main__.DemandTests.test_duplicate_identity) ... ok
test_duplicate_owner (__main__.DemandTests.test_duplicate_owner) ... ok
test_embedded_conflict (__main__.DemandTests.test_embedded_conflict) ... ok
test_emissions_not_energy (__main__.DemandTests.test_emissions_not_energy) ... ok
test_endogenous_fixed_conflict (__main__.DemandTests.test_endogenous_fixed_conflict) ... ok
test_explicit_accepted_evolution (__main__.DemandTests.test_explicit_accepted_evolution) ... ok
test_future_conversion_exclusion_required (__main__.DemandTests.test_future_conversion_exclusion_required) ... ok
test_future_no_fallback (__main__.DemandTests.test_future_no_fallback) ... ok
test_ledger_nan_inf_negative (__main__.DemandTests.test_ledger_nan_inf_negative) ... ok
test_mass_unit_requires_calorific_evidence (__main__.DemandTests.test_mass_unit_requires_calorific_evidence) ... ok
test_materialise_unknown_year (__main__.DemandTests.test_materialise_unknown_year) ... ok
test_materialise_valid (__main__.DemandTests.test_materialise_valid) ... ok
test_materialise_wrong_destination (__main__.DemandTests.test_materialise_wrong_destination) ... ok
test_missing_annual_not_zero (__main__.DemandTests.test_missing_annual_not_zero) ... ok
test_missing_destination_flag (__main__.DemandTests.test_missing_destination_flag) ... ok
test_not_applicable_zero (__main__.DemandTests.test_not_applicable_zero) ... ok
test_raw_nan_not_hidden (__main__.DemandTests.test_raw_nan_not_hidden) ... ok
test_reported_zero (__main__.DemandTests.test_reported_zero) ... ok
test_road_boundaries (__main__.DemandTests.test_road_boundaries) ... ok
test_road_dimensionless_vehicle_share_rejected (__main__.DemandTests.test_road_dimensionless_vehicle_share_rejected) ... ok
test_road_final_energy (__main__.DemandTests.test_road_final_energy) ... ok
test_road_invalid_share (__main__.DemandTests.test_road_invalid_share) ... ok
test_road_unaccepted (__main__.DemandTests.test_road_unaccepted) ... ok
test_road_wrong_basis (__main__.DemandTests.test_road_wrong_basis) ... ok
test_road_wrong_weights (__main__.DemandTests.test_road_wrong_weights) ... ok
test_spatial_bad_weights (__main__.DemandTests.test_spatial_bad_weights) ... ok
test_spatial_temporal_four_levels (__main__.DemandTests.test_spatial_temporal_four_levels) ... ok
test_spatial_wrong_country (__main__.DemandTests.test_spatial_wrong_country) ... ok
test_temporal_invalid_physical_weight (__main__.DemandTests.test_temporal_invalid_physical_weight) ... ok
test_temporal_wrong_hours (__main__.DemandTests.test_temporal_wrong_hours) ... ok
test_temporal_wrong_ids (__main__.DemandTests.test_temporal_wrong_ids) ... ok
test_temporal_zero_shape (__main__.DemandTests.test_temporal_zero_shape) ... ok
test_text_false_not_truthy_acceptance (__main__.DemandTests.test_text_false_not_truthy_acceptance) ... ok
test_text_zero_needs_evidence (__main__.DemandTests.test_text_zero_needs_evidence) ... ok
test_transfer_bad_reference (__main__.DemandTests.test_transfer_bad_reference) ... ok
test_transfer_compiled_once (__main__.DemandTests.test_transfer_compiled_once) ... ok
test_transfer_duplicate (__main__.DemandTests.test_transfer_duplicate) ... ok
test_transfer_flag_without_parent_debit_rejected (__main__.DemandTests.test_transfer_flag_without_parent_debit_rejected) ... ok
test_transfer_independent (__main__.DemandTests.test_transfer_independent) ... ok
test_transfer_no_child_keeps_parent (__main__.DemandTests.test_transfer_no_child_keeps_parent) ... ok
test_transfer_overdraw (__main__.DemandTests.test_transfer_overdraw) ... ok
test_transfer_parent_tamper_rejected (__main__.DemandTests.test_transfer_parent_tamper_rejected) ... ok
test_transfer_repeated_rejected (__main__.DemandTests.test_transfer_repeated_rejected) ... ok
test_transfer_unaccepted (__main__.DemandTests.test_transfer_unaccepted) ... ok
test_transfer_unaccepted_membership (__main__.DemandTests.test_transfer_unaccepted_membership) ... ok
test_units (__main__.DemandTests.test_units) ... ok
test_unknown_nonfinite_negative (__main__.DemandTests.test_unknown_nonfinite_negative) ... ok
test_unsupported_zero (__main__.DemandTests.test_unsupported_zero) ... ok
test_wrong_country (__main__.DemandTests.test_wrong_country) ... ok
test_year_and_empty_identity (__main__.DemandTests.test_year_and_empty_identity) ... ok
test_11_raw_astar_no_numeric_acceptance (__main__.PinnedInputTests.test_11_raw_astar_no_numeric_acceptance) ... ok
test_agriculture_fuels_preserved (__main__.PinnedInputTests.test_agriculture_fuels_preserved) ... ok
test_all_numeric_rows_source_conservation (__main__.PinnedInputTests.test_all_numeric_rows_source_conservation) ... ok
test_all_real_country_years_blocked (__main__.PinnedInputTests.test_all_real_country_years_blocked) ... ok
test_build_is_deterministic (__main__.PinnedInputTests.test_build_is_deterministic) ... ok
test_buildings_44_thermal_embedded (__main__.PinnedInputTests.test_buildings_44_thermal_embedded) ... ok
test_bunkers_four_accounts (__main__.PinnedInputTests.test_bunkers_four_accounts) ... ok
test_cache_zero_not_certified_zero (__main__.PinnedInputTests.test_cache_zero_not_certified_zero) ... ok
test_capsule_tamper_rejected (__main__.PinnedInputTests.test_capsule_tamper_rejected) ... ok
test_config_enabling_legacy_target_rejected (__main__.PinnedInputTests.test_config_enabling_legacy_target_rejected) ... ok
test_config_entry_point (__main__.PinnedInputTests.test_config_entry_point) ... ok
test_csv_roundtrip_missing_and_zero (__main__.PinnedInputTests.test_csv_roundtrip_missing_and_zero) ... ok
test_industry_source_carrier_preservation (__main__.PinnedInputTests.test_industry_source_carrier_preservation) ... ok
test_missing_tl_industry_fuels_not_zero (__main__.PinnedInputTests.test_missing_tl_industry_fuels_not_zero) ... ok
test_no_future_values_invented (__main__.PinnedInputTests.test_no_future_values_invented) ... ok
test_no_real_electricity_transfers (__main__.PinnedInputTests.test_no_real_electricity_transfers) ... ok
test_rail_never_additional_load (__main__.PinnedInputTests.test_rail_never_additional_load) ... ok

----------------------------------------------------------------------
Ran 70 tests in 0.299s

OK
