test_cross_country_node_rejected (__main__.ShippingRegression.test_cross_country_node_rejected) ... ok
test_domestic_and_bunker_each_conserved (__main__.ShippingRegression.test_domestic_and_bunker_each_conserved) ... ok
test_duplicate_national_country_rejected (__main__.ShippingRegression.test_duplicate_national_country_rejected) ... ok
test_explicit_source_zero_country_without_port (__main__.ShippingRegression.test_explicit_source_zero_country_without_port) ... ok
test_extra_load_target_rejected (__main__.ShippingRegression.test_extra_load_target_rejected) ... ok
test_infinite_national_account_rejected (__main__.ShippingRegression.test_infinite_national_account_rejected) ... ok
test_missing_weight_rejected (__main__.ShippingRegression.test_missing_weight_rejected) ... ok
test_negative_national_account_rejected (__main__.ShippingRegression.test_negative_national_account_rejected) ... ok
test_negative_weight_rejected (__main__.ShippingRegression.test_negative_weight_rejected) ... ok
test_node_without_port_is_structural_zero (__main__.ShippingRegression.test_node_without_port_is_structural_zero) ... ok
test_nonzero_country_without_port_rejected (__main__.ShippingRegression.test_nonzero_country_without_port_rejected) ... ok
test_omitted_load_target_rejected (__main__.ShippingRegression.test_omitted_load_target_rejected) ... ok
test_one_missing_account_is_not_summed_as_zero (__main__.ShippingRegression.test_one_missing_account_is_not_summed_as_zero) ... ok
test_repeated_ports_same_node_country_totals (__main__.ShippingRegression.test_repeated_ports_same_node_country_totals) ... ok
test_source_tables_not_mutated (__main__.ShippingRegression.test_source_tables_not_mutated) ... ok
test_unknown_node_rejected (__main__.ShippingRegression.test_unknown_node_rejected) ... ok
test_weights_not_normalized_rejected (__main__.ShippingRegression.test_weights_not_normalized_rejected) ... ok

----------------------------------------------------------------------
Ran 17 tests in 0.352s

OK
