commit aab889243a6d3a54fb5db9fee2602a04ce41d036
Author:     Yerbol Akhmetov <113768325+yerbol-akhmetov@users.noreply.github.com>
AuthorDate: Tue Aug 4 15:14:16 2026 +0500
Commit:     GitHub <noreply@github.com>
CommitDate: Tue Aug 4 12:14:16 2026 +0200

    Remove `demand` and `h2export` wildcards (#1962)
    
    * remove demand and h2export wildcards
    
    * [pre-commit.ci] auto fixes from pre-commit.com hooks
    
    for more information, see https://pre-commit.ci
    
    * apply pre-commit
    
    * update filename in CI
    
    * add release notes
    
    ---------
    
    Co-authored-by: pre-commit-ci[bot] <66853113+pre-commit-ci[bot]@users.noreply.github.com>

commit 1a3d75f38fea5970ef654d7881261e56f295ccfc
Author:     Sermisha <156903227+SermishaNarayana@users.noreply.github.com>
AuthorDate: Tue Jun 30 15:56:18 2026 +0530
Commit:     GitHub <noreply@github.com>
CommitDate: Tue Jun 30 11:26:18 2026 +0100

    Adding doc strings and type hints to core sector model scripts (#1880)
    
    * docs: Add doc strings for prepare_sector_network script
    
    * docs: Documentation for core sector model scripts
    
    * docs: Release notes
    
    * [pre-commit.ci] auto fixes from pre-commit.com hooks
    
    for more information, see https://pre-commit.ci
    
    * doc: Modifications after review
    
    * [pre-commit.ci] auto fixes from pre-commit.com hooks
    
    for more information, see https://pre-commit.ci
    
    * Update scripts/prepare_sector_network.py
    
    Co-authored-by: Emmanuel Bolarinwa <gbotemibolarinwa@gmail.com>
    
    ---------
    
    Co-authored-by: pre-commit-ci[bot] <66853113+pre-commit-ci[bot]@users.noreply.github.com>
    Co-authored-by: Emmanuel Bolarinwa <gbotemibolarinwa@gmail.com>

commit 5ea64e917e283064ff91a4cbb8a023305c9f8a71
Author:     Yerbol Akhmetov <113768325+yerbol-akhmetov@users.noreply.github.com>
AuthorDate: Mon Jun 29 17:36:07 2026 +0500
Commit:     GitHub <noreply@github.com>
CommitDate: Mon Jun 29 13:36:07 2026 +0100

    Improve configuration file (part 1) (#1863)
    
    * remove duplicative unused costs.lines.length_factor parameter
    
    * re-organize solar_thermal configs
    
    * reorganize co2 config
    
    * [pre-commit.ci] auto fixes from pre-commit.com hooks
    
    for more information, see https://pre-commit.ci
    
    * add configtable for co2
    
    * simplify emission price definition
    
    * fix configtables
    
    * fix wording for co2_budget
    
    * fix unit rendering for co2 params
    
    * fix typo
    
    * add release notes
    
    * revert co2 limit in sector and myopic in configs
    
    * add back-compatibility to config
    
    * make migration robust
    
    * rename solar_thermal to solar_thermal_collector to avoid collision with old key
    
    * add depreciation note to release notes
    
    * add documentation about old and new keys
    
    ---------
    
    Co-authored-by: pre-commit-ci[bot] <66853113+pre-commit-ci[bot]@users.noreply.github.com>
    Co-authored-by: Emmanuel Bolarinwa <gbotemibolarinwa@gmail.com>

commit 73e79207b4f9a66568cfca80eedf51e5db4fc81d
Author:     Anton Achhammer <132910766+doneachh@users.noreply.github.com>
AuthorDate: Mon Jun 8 00:35:32 2026 +0200
Commit:     GitHub <noreply@github.com>
CommitDate: Mon Jun 8 00:35:32 2026 +0200

    Make code more robust (#1812)
    
    * make code more robust
    
    * [pre-commit.ci] auto fixes from pre-commit.com hooks
    
    for more information, see https://pre-commit.ci
    
    * Add release note
    
    * Remove Copernicus CRS projection from helpers
    
    * Refactor COPERNICUS_CRS definition in build_renewable_profiles.py
    
    * Refactor COPERNICUS_CRS variable usage in build script
    
    * Replace read_csv_nafix with pandas read_csv
    
    * Delete scripts/override_respot.py

commit 1592076d5e7732180006b6ef8b05814be71e92c7
Author:     Emmanuel Bolarinwa <gbotemibolarinwa@gmail.com>
AuthorDate: Wed Dec 3 13:09:12 2025 +0100
Commit:     GitHub <noreply@github.com>
CommitDate: Wed Dec 3 13:09:12 2025 +0100

    fix: Allow overwriting existing UNSD zip file during download (#1664)

commit 7da36179b9e73eb00cc754e50f719301b8b39b79
Author:     Emmanuel Bolarinwa <gbotemibolarinwa@gmail.com>
AuthorDate: Tue Dec 2 23:33:28 2025 +0100
Commit:     GitHub <noreply@github.com>
CommitDate: Tue Dec 2 23:33:28 2025 +0100

    fix: Implement fallback to Google Drive for UNSD data download (#1653)
    
    * fix: Implement fallback to Google Drive for UNSD data download
    
    * fix: Update release notes to include hot-fix for UNSD data downtime affecting CI

commit 9d844ca0c477b198cbc8f9df5ad2040bdcd093e3
Author:     Yerbol Akhmetov <113768325+yerbol-akhmetov@users.noreply.github.com>
AuthorDate: Mon May 19 03:19:49 2025 +0500
Commit:     GitHub <noreply@github.com>
CommitDate: Mon May 19 00:19:49 2025 +0200

    fix missing comma for other energy (#1444)

commit f3e260cf5b91295ec8261077a817d5425f6d2636
Author:     Anton Achhammer <132910766+doneachh@users.noreply.github.com>
AuthorDate: Fri Apr 18 01:09:33 2025 -0700
Commit:     GitHub <noreply@github.com>
CommitDate: Fri Apr 18 10:09:33 2025 +0200

    Add country specific demand data and adjust workflow (#1394)
    
    * Add demand data for Namibia and Tunisia
    
    * feat: use default values for missing values
    
    * [pre-commit.ci] auto fixes from pre-commit.com hooks
    
    for more information, see https://pre-commit.ci
    
    * code redesign
    
    * [pre-commit.ci] auto fixes from pre-commit.com hooks
    
    for more information, see https://pre-commit.ci
    
    ---------
    
    Co-authored-by: pre-commit-ci[bot] <66853113+pre-commit-ci[bot]@users.noreply.github.com>

commit 6a90b66c305315ecd45692e11699d3c4aac38b49
Merge: f5a957eb 876e7d91
Author:     ekatef <e.v.kasilova@gmail.com>
AuthorDate: Tue Dec 24 09:57:15 2024 +0100
Commit:     ekatef <e.v.kasilova@gmail.com>
CommitDate: Tue Dec 24 09:57:15 2024 +0100

    Merge branch 'main' into sec_paths

commit f5a957eb70d0ec53277939f5243a36d62ad5a9d5
Author:     ekatef <e.v.kasilova@gmail.com>
AuthorDate: Wed Dec 11 15:39:13 2024 +0100
Commit:     ekatef <e.v.kasilova@gmail.com>
CommitDate: Wed Dec 11 15:39:13 2024 +0100

    Replace path hardcoding in script

commit 4959a11333c8f5fb15f5129ee469cfa2f6bf1302
Author:     ekatef <e.v.kasilova@gmail.com>
AuthorDate: Wed Dec 4 20:11:16 2024 +0100
Commit:     ekatef <e.v.kasilova@gmail.com>
CommitDate: Wed Dec 4 20:11:16 2024 +0100

    Update wildcards for mock_snakemake across scripts

commit f5fa5fb421bfa3993ae0563581562fc9d727879b
Author:     yerbol-akhmetov <yerbol.akhmetov.93@gmail.com>
AuthorDate: Sun Nov 10 20:37:40 2024 +0500
Commit:     yerbol-akhmetov <yerbol.akhmetov.93@gmail.com>
CommitDate: Sun Nov 10 20:37:40 2024 +0500

    add missing BASE_DIR

commit 434f4e2955943ea73816f3ac9d138ad1ff27aa09
Author:     yerbol-akhmetov <yerbol.akhmetov.93@gmail.com>
AuthorDate: Sun Nov 10 20:18:53 2024 +0500
Commit:     yerbol-akhmetov <yerbol.akhmetov.93@gmail.com>
CommitDate: Sun Nov 10 20:18:53 2024 +0500

    use BASE_DIR in sector scripts to enable subworkflow import

commit c2f7b26567c56cd4712cb93ae9391d7868c193b8
Author:     Fabian <fab.hof@gmx.de>
AuthorDate: Thu Sep 5 12:53:35 2024 +0200
Commit:     Fabian <fab.hof@gmx.de>
CommitDate: Thu Sep 5 12:54:44 2024 +0200

    consolidate current working directory; considate helpers scripts

commit 1480d7a48160f5a13bb990d1034aaac42cf7be72
Merge: d8c6351c ef54888b
Author:     Fabian <fab.hof@gmx.de>
AuthorDate: Fri Aug 16 11:32:05 2024 +0200
Commit:     Fabian <fab.hof@gmx.de>
CommitDate: Fri Aug 16 11:32:05 2024 +0200

    Merge remote-tracking branch 'pypsa-earth-sec/snakemake-module' into merge-pyspa-earth-sec

commit 8573dd5dd9e5fc108090e002027d326b24c5b527
Merge: f55c84bb 1bcf1e58
Author:     Fabian <fab.hof@gmx.de>
AuthorDate: Thu Aug 8 17:12:24 2024 +0200
Commit:     Fabian <fab.hof@gmx.de>
CommitDate: Thu Aug 8 17:12:24 2024 +0200

    Merge branch 'main' into snakemake-module

commit 031ad55d2b2f7a655500b72346b6221529556ff5
Author:     Fabian <fab.hof@gmx.de>
AuthorDate: Thu Jul 18 13:53:19 2024 +0200
Commit:     Fabian <fab.hof@gmx.de>
CommitDate: Thu Jul 18 13:53:19 2024 +0200

    replace snakemake subworkflow by submodule; fix path relations

commit 3233fa7166ff46e4aa191abfb08c0ef9535f8abf
Author:     Hazem-IEG <hazem.abdel-khalek@ieg.fraunhofer.de>
AuthorDate: Wed Jul 17 19:03:36 2024 +0200
Commit:     Hazem-IEG <hazem.abdel-khalek@ieg.fraunhofer.de>
CommitDate: Wed Jul 17 19:03:36 2024 +0200

    adapt build_base_energy and build_base_industry to params

commit a690b66d925df41c33cdc0d706e002f6148e2511
Author:     pre-commit-ci[bot] <66853113+pre-commit-ci[bot]@users.noreply.github.com>
AuthorDate: Wed Jul 17 14:57:41 2024 +0000
Commit:     pre-commit-ci[bot] <66853113+pre-commit-ci[bot]@users.noreply.github.com>
CommitDate: Wed Jul 17 14:57:41 2024 +0000

    [pre-commit.ci] auto fixes from pre-commit.com hooks
    
    for more information, see https://pre-commit.ci

commit e9cd429d90f3d57961fda7c55d84136a78fe6949
Author:     Hazem <87850910+hazemakhalek@users.noreply.github.com>
AuthorDate: Wed Jul 17 16:57:18 2024 +0200
Commit:     GitHub <noreply@github.com>
CommitDate: Wed Jul 17 16:57:18 2024 +0200

    minor bug in build_base_energy_totals
