commit aab889243a6d3a54fb5db9fee2602a04ce41d036
Author:     Yerbol Akhmetov <113768325+yerbol-akhmetov@users.noreply.github.com>
AuthorDate: Tue Aug 4 15:14:16 2026 +0500
Commit:     GitHub <noreply@github.com>
CommitDate: Tue Aug 4 12:14:16 2026 +0200

    Remove `demand` and `h2export` wildcards (#1962)
    
    * remove demand and h2export wildcards
    
    * [pre-commit.ci] auto fixes from pre-commit.com hooks
    
    for more information, see https://pre-commit.ci
    
    * apply pre-commit
    
    * update filename in CI
    
    * add release notes
    
    ---------
    
    Co-authored-by: pre-commit-ci[bot] <66853113+pre-commit-ci[bot]@users.noreply.github.com>

commit 73e79207b4f9a66568cfca80eedf51e5db4fc81d
Author:     Anton Achhammer <132910766+doneachh@users.noreply.github.com>
AuthorDate: Mon Jun 8 00:35:32 2026 +0200
Commit:     GitHub <noreply@github.com>
CommitDate: Mon Jun 8 00:35:32 2026 +0200

    Make code more robust (#1812)
    
    * make code more robust
    
    * [pre-commit.ci] auto fixes from pre-commit.com hooks
    
    for more information, see https://pre-commit.ci
    
    * Add release note
    
    * Remove Copernicus CRS projection from helpers
    
    * Refactor COPERNICUS_CRS definition in build_renewable_profiles.py
    
    * Refactor COPERNICUS_CRS variable usage in build script
    
    * Replace read_csv_nafix with pandas read_csv
    
    * Delete scripts/override_respot.py

commit 4959a11333c8f5fb15f5129ee469cfa2f6bf1302
Author:     ekatef <e.v.kasilova@gmail.com>
AuthorDate: Wed Dec 4 20:11:16 2024 +0100
Commit:     ekatef <e.v.kasilova@gmail.com>
CommitDate: Wed Dec 4 20:11:16 2024 +0100

    Update wildcards for mock_snakemake across scripts

commit c2f7b26567c56cd4712cb93ae9391d7868c193b8
Author:     Fabian <fab.hof@gmx.de>
AuthorDate: Thu Sep 5 12:53:35 2024 +0200
Commit:     Fabian <fab.hof@gmx.de>
CommitDate: Thu Sep 5 12:54:44 2024 +0200

    consolidate current working directory; considate helpers scripts

commit 1480d7a48160f5a13bb990d1034aaac42cf7be72
Merge: d8c6351c ef54888b
Author:     Fabian <fab.hof@gmx.de>
AuthorDate: Fri Aug 16 11:32:05 2024 +0200
Commit:     Fabian <fab.hof@gmx.de>
CommitDate: Fri Aug 16 11:32:05 2024 +0200

    Merge remote-tracking branch 'pypsa-earth-sec/snakemake-module' into merge-pyspa-earth-sec

commit bd9a303eb551bd9428b86de63396c68eed276b5f
Author:     davide-f <fioritidavidesubs@gmail.com>
AuthorDate: Wed Jul 10 22:34:48 2024 +0200
Commit:     davide-f <fioritidavidesubs@gmail.com>
CommitDate: Wed Jul 10 22:34:48 2024 +0200

    Update licensing

commit f1fdcee7c0eba5570d1bb1b4f5f274e46d3b4200
Author:     davide-f <fioritidavidesubs@gmail.com>
AuthorDate: Wed Jul 10 22:32:15 2024 +0200
Commit:     davide-f <fioritidavidesubs@gmail.com>
CommitDate: Wed Jul 10 22:32:15 2024 +0200

    add build_heating_distribution

commit cbef62ec0703e4712eff1d5b04e2fa48519c2346
Author:     davide-f <fioritidavidesubs@gmail.com>
AuthorDate: Thu May 30 11:22:12 2024 +0200
Commit:     davide-f <fioritidavidesubs@gmail.com>
CommitDate: Thu May 30 11:22:12 2024 +0200

    Add existing_heating
