commit d965b422bb5624862cd3657ce5dab8cb7f53ddfe
Author:     Virio Andreyana <114650479+virio-andreyana@users.noreply.github.com>
AuthorDate: 2026-03-30 22:53:11 +0200
Commit:     GitHub <noreply@github.com>
CommitDate: 2026-03-30 22:53:11 +0200

    Soft fork/30.03.2026 (#35)
    
    * Fix #1745 by sorting unordered list of bundle names (#1746)
    
    * Fix #1745 by sorting unordered list of bundle names
    
    * Add release note
    
    * Use production Zenodo rather than sandbox (#1744)
    
    * Use production Zenodo rather than sandbox
    
    (cherry picked from commit f359bbd05625c5c355c7ee01bde36360178c35ea)
    
    * Add release note
    
    * Bugfix calculation of offshore regions (#1739)
    
    * bugfix calculation of offshore regions
    
    * Add release note
    
    * Add type hinting and docstring to build_shapes.eez(...)
    
    * Bugfix: Include solar rooftops as carrier constrained by surface area (#1737)
    
    * Bugfix: Include solar rooftops as carrier constrainted by surface area
    
    * add release notes
    
    * Fix clustering with gadm_layer_id 0 or 2 and alternative_clustering=false (#1714)
    
    * Fix clustering with gadm_layer_id 0 and 2 and alternative_clustering=false
    
    for more information, see https://pre-commit.ci
    
    * Update scripts/build_clustered_population_layouts.py
    
    Co-authored-by: Virio Andreyana <114650479+virio-andreyana@users.noreply.github.com>
    
    * Update scripts/build_solar_thermal_profiles.py
    
    Co-authored-by: Virio Andreyana <114650479+virio-andreyana@users.noreply.github.com>
    
    * Update scripts/build_heat_demand.py
    
    Co-authored-by: Virio Andreyana <114650479+virio-andreyana@users.noreply.github.com>
    
    * Update scripts/build_temperature_profiles.py
    
    Co-authored-by: Virio Andreyana <114650479+virio-andreyana@users.noreply.github.com>
    
    * add release note
    
    * Update scripts/_helpers.py
    
    ---------
    Co-authored-by: Virio Andreyana <114650479+virio-andreyana@users.noreply.github.com>
    
    * Update objective values (#1749)
    
    * Update objective values
    
    * Update the release note
    
    * fix: #1752 - add hydrobasins to rule input for build_renewable_profile (#1753)
    
    * fix: #1752 - add hydrobasins to rule input for build_renewable_profile
    
    * Add PR number to release note
    
    * MkDocs Migration (#1638)
    
    * docs: Complete RST to MkDocs migration with reorganized structure
    
    - Migrate all RST documentation files to Markdown format
    
    - Implement new 6-section documentation structure
    
    - Create organized directory structure
    
    - Add mkdocs.yml configuration with Material theme
    
    - Fix all internal links to match new structure
    
    * remove testing notes
    
    * reorganize asset files
    
    * complete reorganization
    
    * complete installation.md conversion
    
    * complete conversion for quickstart.md
    
    * complete conversions for tutorials
    
    * added support for mermaid
    
    * added build support for mkdocs
    
    * added support for mermaid
    
    * add script to extract YAML config snippets for documentation updates
    
    * docs: Reorganize API reference and fix community section syntax
    
    - Split API reference into separate pages by category
    - Add sector-coupling scripts to API reference
    - Add Advanced API section with monte_carlo and non-workflow scripts
    - Fix syntax errors in community section
    - Update mkdocs.yml navigation and add watch config
    
    * docs: Port upstream content changes to Markdown docs
    
    Ported from upstream commits:
    - abef7ee8 Copyedit (#1675): Grammar/typo fixes
    - c2bbfcfa Update team description (#1670): New team structure
    - cf4cac96 Users_list update (#1671): Bolivia paper reference
    - 9c8873b1 MapYourGrid (#1640): OpenStreetMap contribution guide
    
    Files updated:
    - contributing.md: Grammar fixes
    - software-hints.md: Grammar fixes, GB capitalization
    - learning-materials.md: Grammar fixes, updated PyPSA docs link
    - project-structure.md: New team structure, Earth-Status repo, updated affiliations
    - users-list.md: Bolivia paper reference
    - data-workflow.md: MapYourGrid section, ODbL license note
    
    * fix: Allow overwriting existing UNSD zip file during download (#1664)
    
    * Improve logging message for prepare_transport_input script (#1665)
    
    * fix: Improve logging message for file read failure in download_number_of_vehicles function
    
    * fix: Enhance error logging for file read failure in download_number_of_vehicles function
    
    * Update team description in docs (#1670)
    
    * Update team
    
    * Remove outdated blocks
    
    * Update list of contributors
    
    * Revert "Remove outdated blocks"
    
    This reverts commit dd438c57c2fd82063fef54eae2b7572f4c901b7c.
    
    * Remove outdated block
    
    * Fix formatting
    
    * Fix typos
    
    * Update affiliation
    
    * Add release note
    
    * Fix typos
    
    * Add Earth-Status
    
    * Fix typo
    
    * docs(contributor): contrib-readme-action has updated readme (#1651)
    
    Co-authored-by: github-actions[bot] <41898282+github-actions[bot]@users.noreply.github.com>
    
    * Revise ERA5 data availability in cutout guidelines (#1674)
    
    ERA5 back extension data is no longer preliminary, and now goes all the way back to 1940 per [ECMWF documentation](https://confluence.ecmwf.int/display/CKB/ERA5%3A+data+documentation)
    
    * Bump actions/checkout from 5 to 6 in the github-actions group (#1645)
    
    Bumps the github-actions group with 1 update: [actions/checkout](https://github.com/actions/checkout).
    
    
    Updates `actions/checkout` from 5 to 6
    - [Release notes](https://github.com/actions/checkout/releases)
    - [Changelog](https://github.com/actions/checkout/blob/main/CHANGELOG.md)
    - [Commits](https://github.com/actions/checkout/compare/v5...v6)
    
    ---
    updated-dependencies:
    - dependency-name: actions/checkout
      dependency-version: '6'
      dependency-type: direct:production
      update-type: version-update:semver-major
      dependency-group: github-actions
    ...
    
    Signed-off-by: dependabot[bot] <support@github.com>
    Co-authored-by: dependabot[bot] <49699333+dependabot[bot]@users.noreply.github.com>
    Co-authored-by: Ekaterina <e.v.kasilova@gmail.com>
    
    * fix workflow when augmmented_line_connection is false for Tunisia (#1677)
    
    * fix workflow when augmmented_line_connection is false for Tunisia
    
    * [pre-commit.ci] auto fixes from pre-commit.com hooks
    
    for more information, see https://pre-commit.ci
    
    * add release note
    
    ---------
    
    Co-authored-by: pre-commit-ci[bot] <66853113+pre-commit-ci[bot]@users.noreply.github.com>
    
    * [pre-commit.ci] pre-commit autoupdate (#1632)
    
    updates:
    - [github.com/keewis/blackdoc: v0.4.5 → v0.4.6](https://github.com/keewis/blackdoc/compare/v0.4.5...v0.4.6)
    - [github.com/psf/black-pre-commit-mirror: 25.9.0 → 25.12.0](https://github.com/psf/black-pre-commit-mirror/compare/25.9.0...25.12.0)
    
    Co-authored-by: pre-commit-ci[bot] <66853113+pre-commit-ci[bot]@users.noreply.github.com>
    
    * Bump peter-evans/create-pull-request in the github-actions group (#1680)
    
    Bumps the github-actions group with 1 update: [peter-evans/create-pull-request](https://github.com/peter-evans/create-pull-request).
    
    
    Updates `peter-evans/create-pull-request` from 7 to 8
    - [Release notes](https://github.com/peter-evans/create-pull-request/releases)
    - [Commits](https://github.com/peter-evans/create-pull-request/compare/v7...v8)
    
    ---
    updated-dependencies:
    - dependency-name: peter-evans/create-pull-request
      dependency-version: '8'
      dependency-type: direct:production
      update-type: version-update:semver-major
      dependency-group: github-actions
    ...
    
    Signed-off-by: dependabot[bot] <support@github.com>
    Co-authored-by: dependabot[bot] <49699333+dependabot[bot]@users.noreply.github.com>
    
    * Remove unnecessary installation step (installing solver twice) (#1663)
    
    * No need for separate highspy install, already included in all the OS-specific environment files from step 2
    
    * Fix indenting + adjust instructions per comments PR
    
    Updated formatting for code blocks and readded a step for solvers per discussion
    
    * correct numbering
    
    * consistent indent
    
    * Bump actions/cache from 4 to 5 in the github-actions group (#1682)
    
    Bumps the github-actions group with 1 update: [actions/cache](https://github.com/actions/cache).
    
    
    Updates `actions/cache` from 4 to 5
    - [Release notes](https://github.com/actions/cache/releases)
    - [Changelog](https://github.com/actions/cache/blob/main/RELEASES.md)
    - [Commits](https://github.com/actions/cache/compare/v4...v5)
    
    ---
    updated-dependencies:
    - dependency-name: actions/cache
      dependency-version: '5'
      dependency-type: direct:production
      update-type: version-update:semver-major
      dependency-group: github-actions
    ...
    
    Signed-off-by: dependabot[bot] <support@github.com>
    Co-authored-by: dependabot[bot] <49699333+dependabot[bot]@users.noreply.github.com>
    
    * fix labeling (#1644)
    
    * fix labeling H2
    
    * adjust further labeling
    
    * add release note
    
    * Bump the github-actions group with 2 updates (#1685)
    
    Bumps the github-actions group with 2 updates: [actions/upload-artifact](https://github.com/actions/upload-artifact) and [actions/download-artifact](https://github.com/actions/download-artifact).
    
    
    Updates `actions/upload-artifact` from 5 to 6
    - [Release notes](https://github.com/actions/upload-artifact/releases)
    - [Commits](https://github.com/actions/upload-artifact/compare/v5...v6)
    
    Updates `actions/download-artifact` from 6 to 7
    - [Release notes](https://github.com/actions/download-artifact/releases)
    - [Commits](https://github.com/actions/download-artifact/compare/v6...v7)
    
    ---
    updated-dependencies:
    - dependency-name: actions/upload-artifact
      dependency-version: '6'
      dependency-type: direct:production
      update-type: version-update:semver-major
      dependency-group: github-actions
    - dependency-name: actions/download-artifact
      dependency-version: '7'
      dependency-type: direct:production
      update-type: version-update:semver-major
      dependency-group: github-actions
    ...
    
    Signed-off-by: dependabot[bot] <support@github.com>
    Co-authored-by: dependabot[bot] <49699333+dependabot[bot]@users.noreply.github.com>
    
    * Copyedit (#1675)
    
    * Fix typo in pull request checklist documentation
    
    * Better wording
    
    * Fix grammar in data_workflow.rst
    
    * Fixed grammar in wildcards documentation
    
    * fix grammar download_and_filter
    
    * Fix grammar in the 'how to contribute' docs
    
    * Improve grammar in software_hints
    
    * Fix grammar in learning_materials
    
    * fix grammar in configuration.rst
    
    * typo per failed test
    
    * Fix typos/grammar in tutorial_sector.rst
    
    * Improve clarity and grammar in notebooks documentation
    
    * Apply suggestions from code review
    
    Co-authored-by: Emmanuel Bolarinwa <gbotemibolarinwa@gmail.com>
    
    * Update release notes with documentation fixes
    
    Copyedited and fixed documentation and PR template.
    
    ---------
    
    Co-authored-by: Emmanuel Bolarinwa <gbotemibolarinwa@gmail.com>
    
    * [pre-commit.ci] auto fixes from pre-commit.com hooks
    
    for more information, see https://pre-commit.ci
    
    * docs: Add SPDX license headers for REUSE compliance
    
    - Add CC-BY-4.0 headers to all documentation markdown files
    - Add REUSE.toml entries for doc/assets/images (CC-BY-4.0)
    - Add REUSE.toml entries for doc/assets/scripts (AGPL-3.0-or-later)
    
    * [pre-commit.ci] auto fixes from pre-commit.com hooks
    
    for more information, see https://pre-commit.ci
    
    * docs: Fix RST syntax errors in user guide markdown files
    
    Fixed issues in configuration.md, costs.md, wildcards.md:
    - Fixed headers missing # prefix
    - Replaced RST literalinclude directives with snippets includes
    - Replaced RST csv-table directives with snippets includes
    - Fixed broken code blocks (`` to ```)
    - Fixed broken link syntax ([text[( to [text](
    - Fixed math formula formatting in costs.md
    - Fixed image paths (assets/ to ../assets/)
    - Added proper links for [wildcards] and [installation] references
    
    * [pre-commit.ci] auto fixes from pre-commit.com hooks
    
    for more information, see https://pre-commit.ci
    
    * docs: Use table-reader plugin for CSV tables
    
    * docs: Remove read_csv() calls that break mkdocs build
    
    The configtables CSV files have malformed data (nested quotes, complex
    values) that break pandas CSV parsing. Replaced with links to the
    CSV files on GitHub until the CSV files are properly formatted.
    
    * docs: Fix all CSV files and restore configuration tables
    
    - Fixed 14+ malformed CSV files with proper quoting and formatting
    - Rewrote costs.csv and load_options.csv with proper CSV structure
    - Removed LaTeX :math: notation from solving-options.csv that broke table-reader plugin
    - Restored read_csv() calls in configuration.md and wildcards.md
    - Tables now render correctly in MkDocs documentation
    
    * docs: Restore YAML config snippets in configuration page
    
    Added YAML snippet includes using pymdownx.snippets extension to show
    config.default.yaml sections before each configuration table. This
    restores the functionality from the original Sphinx documentation.
    
    * docs: Fix LaTeX math formulas in optimization page
    
    Added 19458 delimiters around LaTeX math blocks (\begin{aligned}...\end{aligned})
    so they render correctly with MkDocs arithmatex extension.
    
    * docs: Clean up math formula formatting for proper MathJax rendering
    
    Removed extra whitespace and newlines inside 21658 blocks that were
    preventing MathJax from rendering the formulas correctly.
    
    * docs: Add config snippets for configuration page YAML display
    
    Added 31 YAML snippet files extracted from config.default.yaml.
    These are used by the configuration page to show relevant YAML
    sections alongside their configuration tables.
    
    * [pre-commit.ci] auto fixes from pre-commit.com hooks
    
    for more information, see https://pre-commit.ci
    
    * docs: Fix broken image paths in structure.md and plotting.md
    
    Changed relative paths from assets/images/ to ../assets/images/
    since these files are in the user-guide/ subdirectory.
    
    * docs: Fix YAML snippet file formatting for pre-commit
    
    Added trailing newlines to YAML files that were missing them.
    
    * [pre-commit.ci] auto fixes from pre-commit.com hooks
    
    for more information, see https://pre-commit.ci
    
    * docs: Fix YAML snippet formatting for pre-commit
    
    - Added trailing newlines to all YAML files
    - Applied yamlfix for proper YAML formatting
    - All 31 snippet files now pass pre-commit checks
    
    * docs: Fix extract_config_snippets.py to add trailing newlines
    
    Modified script to ensure all generated YAML snippets end with a
    trailing newline to pass the end-of-file-fixer pre-commit hook.
    Also regenerated all snippet files with proper formatting.
    
    * docs: Fix pre-commit hook cycle for config snippets
    
    - Exclude configtables/snippets/ from pretty-format-yaml hook
    - Exclude configtables/snippets/ from yamllint hook
    - Fix extract_config_snippets.py to add trailing newlines
    - These are generated files that maintain nested indentation from config.default.yaml
    
    * docs: Fix syntax errors in configuration page
    
    - Fixed malformed bash code block in scenario section
    - Removed leftover RST directives from headers
    
    * docs: Fix header formatting on configuration and wildcards pages
    
    - Removed backticks from headers to fix Table of Contents display
    - Headers are now plain text instead of code blocks
    
    * docs: Fix header levels and code blocks
    
    - Demoted section headers to H2 (##) in configuration.md and wildcards.md so they appear in TOC
    - Fixed malformed bash and python code blocks in wildcards.md
    
    * docs: Clean up RST artifacts from configuration headers
    
    - Removed :end-before: and :start-after: directives from wind, lines, links, transformers, and costs sections
    - These were artifacts from the RST to Markdown conversion
    
    * docs: Remove remaining RST artifact from costs section
    
    - Removed :start-after: directive from costs section in configuration.md
    
    * docs: Fix CSV formatting in lines.csv
    
    - Removed spaces after commas that caused rendering issues with the table reader plugin
    - Ensured consistent quoting for description fields
    
    * docs: Fix lines.csv formatting strictly
    
    - Added 'Parameter' header to the first column (was empty)
    - Removed all spaces after commas to ensure strict CSV compliance
    - This should resolve issues with the table-reader plugin
    
    * config: Increase TOC depth to 4 in mkdocs.yml
    
    - Changed toc_depth from 3 to 4 to allow Level 4 headers (####) in the side navigation
    - Required for granular navigation in configuration pages
    
    * docs: Fix header hierarchy in configuration.md
    
    - Demoted 'options' and 'solver' sections under 'solving' to H3 (###) to correct the structure.
    - These sections are clearly subsections of solving.
    
    * docs: Fix plotting page rendering
    
    - Converted legacy Graphviz digraphs to Mermaid diagrams
    - Added proper H1 header 'Plotting and Summary'
    - Removed RST artifacts (:align: center, |)
    - Fixed missing section headers
    
    * docs: Update Java installation advice in installation.md
    
    - Recommended direct installation for Windows users
    - Recommended conda/mamba installation of openjdk for Linux/macOS users
    
    * docs: Restructure documentation
    
    - Renamed 'Advanced' section to 'Utilities' per feedback.
    - Moved 'Monte Carlo' guide to 'doc/utilities/monte-carlo.md'.
    
    * docs: Externalize images to avoid binary bloat
    
    - Replaced local image references with raw.githubusercontent.com URLs from pypsa-meets-earth/documentation.
    - Removed local image files from doc/assets/images.
    
    * docs: fix broken link in index and ignore site dir
    
    * Update doc/user-guide/model-customization.md
    
    Co-authored-by: Davide Fioriti <67809479+davide-f@users.noreply.github.com>
    
    * docs: add DAG automation script and fix dependency import
    
    * docs: register DAG generation hook in mkdocs
    
    * docs: replace Mermaid diagrams with auto-generated rulegraphs
    
    * docs: fix markdown formatting in validation.md and running-models.md
    
    - validation.md: Remove excessive blank lines, upgrade section headings,
      fix typo 'exampled' -> 'example', improve list formatting
    - running-models.md: Fix admonition indentation, remove '1.' prefix from
      title, fix tense and typos, capitalize section titles consistently
    
    Addresses review feedback on PR #1638
    
    * docs: fix broken API reference link in monte-carlo.md
    
    Monte Carlo API docs are in utilities.md, not advanced.md
    
    * [pre-commit.ci] auto fixes from pre-commit.com hooks
    
    for more information, see https://pre-commit.ci
    
    * fix: resolve pre-commit issues
    
    - Fix typo in gen_dags.py: simplcity -> simplicity
    - Fix duplicate hooks key in mkdocs.yml
    - Add MIT license file for reuse compliance
    
    * fix: correct googledrivedownloader import
    
    Revert to correct package import (googledrivedownloader) that matches
    the package name in environment.yaml.
    
    * docs: fix rendering issues in configuration page
    
    - Add YAML snippet code blocks for costs and plotting sections
    - Put read_csv macro on separate lines for proper rendering
    - Fix admonition indentation (4 spaces) in costs section
    - Fix typo: 'approapriate' -> 'appropriately'
    
    * docs: Remove extraneous square bracket from  reference.
    
    * docs: fix rules-overview page
    
    - Remove orphaned RST toctree entries (content already in Rule Categories)
    - Add proper H1 heading format
    
    * docs: fix cross-reference link in costs page
    
    Changed 'cf. Section costs in configuration' to a proper anchor link
    pointing to configuration.md#costs
    
    * docs: remove incorrect link from Rules Reference text
    
    The Rules Reference section is navigated via the sidebar, not a direct link
    
    * docs: fix formatting issues in optimization page
    
    - Fix heading hierarchy (demote H1s to H2/H3)
    - Fix broken math block rendering (convert RST math to LaTeX)
    - Fix bold text being used as headings
    - Clean up references section format
    - Fix duplicate headers
    
    * docs: fix broken math block rendering in optimization.md
    
    - Reformat math blocks to use LaTeX aligned environment
    - Remove invalid blank lines and markdown list syntax within math blocks
    
    * docs: fix math block indentation in optimization.md
    
    - Align LaTeX math blocks to 2 spaces indentation to match Markdown list items
    - Remove excessive inner indentation to prevent code block parsing issues
    
    * docs: remove orphaned advanced-config page and cleanup index
    - Remove orphaned doc/user-guide/customization/advanced-config.md
    - Remove dead link from doc/user-guide/model-customization.md
    - Fix missing H1 header in doc/user-guide/model-customization.md
    
    * docs: enrich model-customization index with detailed descriptions
    
    - Merge content from deleted advanced-config.md into model-customization.md
    - Add descriptions for each sub-page link
    
    * docs: fix SPDX header formatting in rules reference
    
    - Convert RST style SPDX headers to Markdown comments in 20 files
    
    * docs: add mkdocstrings directives to rule reference pages
    
    - Replace legacy Sphinx/RST automodule with ::: scripts.X syntax
    - Enable automatic import of script docstrings into documentation
    
    * docs: fix solve-operations-network.md mkdocstrings error
    
    - Remove directive for non-existent solve_operations_network script
    - Add info box explaining it uses the same solve_network.py script
    
    * docs: fix math block rendering in optimization.md
    
    - Add 3703 delimiters to Decision variables section
    - Remove indentation from Expected cost math blocks
    - Wrap minimizer equation in 3703 delimiters
    
    * docs: skip DAG generation if SVGs already exist
    
    Updated gen_dags.py hook to skip regenerating workflow diagrams
    when the SVG files already exist. This eliminates 'No DOT graph found'
    errors during docs builds when Snakemake isn't configured.
    
    * [pre-commit.ci] auto fixes from pre-commit.com hooks
    
    for more information, see https://pre-commit.ci
    
    * fix: use AGPL-3.0-or-later license for gen_dags.py
    
    Remove incorrectly added MIT license file and update gen_dags.py
    license header to match project license (AGPL-3.0-or-later).
    
    * docs: add heading marker to structure.md title
    
    * docs: remove unused setup_docs.sh script
    
    The script is not needed since:
    - SVG rulegraphs are committed to doc/img/
    - All other images reference external URLs from the documentation repo
    - ReadTheDocs builds directly via mkdocs.yml
    
    * revert: restore original retrieve_databundle_light.py
    
    Revert unrelated import changes to keep this PR focused on docs.
    
    * docs: add sector-coupled paper citation
    
    Added ABDELKHALEK2025 PyPSA-Earth sector-coupled paper
    as requested in PR review (linked to #1573).
    
    * docs: move release notes to top-level section
    
    Moved release-notes.md from community/ to doc/ root
    and updated mkdocs.yml navigation for easier discovery
    (per PR review suggestion from davide-f).
    
    * docs: update PR template to reference new MD paths
    
    Updated file references from RST to Markdown:
    - doc/release_notes.rst → doc/release-notes.md
    - doc/configuration.rst → doc/user-guide/configuration.md
    - doc/tutorial.rst → doc/tutorials/electricity-model.md
    
    * Apply suggestion from @davide-f
    
    Co-authored-by: Davide Fioriti <67809479+davide-f@users.noreply.github.com>
    
    * Apply suggestion from @davide-f
    
    Co-authored-by: Davide Fioriti <67809479+davide-f@users.noreply.github.com>
    
    * docs: split API reference into Analysis and Utilities sections
    
    - Created new Analysis section with statistics, summary, and plotting
    - Utilities now contains only Monte Carlo
    - Updated mkdocs.yml navigation
    
    * docs: Adjust indentation of Discord section in contributing guide.
    
    * docs: Clarify the documentation process and expand the list of ways to contribute in the contributing guidelines.
    
    * docs: Add tip for using network.statistics() to get a quick overview in the electricity model tutorial.
    
    * docs: remove empty Default Cost Assumptions section from costs.md
    
    * docs: fix configtables formatting and add sector section
    
    - Convert RST-style links to Markdown format in all CSV files
    - Add 'Parameter' header to first column (fixes 'Unnamed: 0' issue)
    - Add sector configuration section to configuration.md
    - Create sector.yaml snippet with complete sector-coupled options
    
    * docs: Restructure documentation by creating a dedicated Monte Carlo API reference, refactoring utilities, and removing outdated pages.
    
    * docs: update Outreach Team members
    
    * [pre-commit.ci] auto fixes from pre-commit.com hooks
    
    for more information, see https://pre-commit.ci
    
    * docs: fix RTD build - CSV parsing, broken links, snakemake dep
    
    * docs: fix RTD build - CSV parsing, broken links, add snakemake+graphviz
    
    * Update doc/api-reference/network-building.md
    
    Co-authored-by: Davide Fioriti <67809479+davide-f@users.noreply.github.com>
    
    * Update mkdocs.yml
    
    Co-authored-by: Davide Fioriti <67809479+davide-f@users.noreply.github.com>
    
    * [pre-commit.ci] auto fixes from pre-commit.com hooks
    
    for more information, see https://pre-commit.ci
    
    * Update doc/community/learning-materials.md
    
    Co-authored-by: Ekaterina <e.v.kasilova@gmail.com>
    
    * Update doc/community/learning-materials.md
    
    Co-authored-by: Ekaterina <e.v.kasilova@gmail.com>
    
    * Update doc/user-guide/customization/copernicus-data.md
    
    Co-authored-by: Ekaterina <e.v.kasilova@gmail.com>
    
    * docs: address Katia and Davide's PR reviews
    
    * docs: reformat notes in copernicus-data.md for consistency
    
    * docs: add documentation for alternative clustering and augmented line connections rules
    
    * Bugfix: fix missing baseyear capacity, differentiate CHP and PP biomass for bioenergy (#1678)
    
    * bugfix: fix missing baseyear capacity, set biomass as default for bioenergy
    
    * add release_notes
    
    * remove hashed CHPs
    
    * differentiate PP and CHP of biomass
    
    * rephrase release_notes
    
    * Improve transformer connectivity (#1706)
    
    * Improve transformer connectivity
    
    * add release note
    
    * Add heuristics to determine missing hydro technologies (#1684)
    
    * Add heuristics to determine missing hydro technologies
    
    * add release_notes, documentation and bugfix
    
    * add logger information to be optional
    
    * update release notes, minor bugfix
    
    * Commit suggestion in `add_electricity.py`
    
    * Apply suggestions from Katia's code review
    
    * Bump the github-actions group with 2 updates (#1735)
    
    Bumps the github-actions group with 2 updates: [actions/upload-artifact](https://github.com/actions/upload-artifact) and [actions/download-artifact](https://github.com/actions/download-artifact).
    
    
    Updates `actions/upload-artifact` from 6 to 7
    - [Release notes](https://github.com/actions/upload-artifact/releases)
    - [Commits](https://github.com/actions/upload-artifact/compare/v6...v7)
    
    Updates `actions/download-artifact` from 7 to 8
    - [Release notes](https://github.com/actions/download-artifact/releases)
    - [Commits](https://github.com/actions/download-artifact/compare/v7...v8)
    
    ---
    updated-dependencies:
    - dependency-name: actions/upload-artifact
      dependency-version: '7'
      dependency-type: direct:production
      update-type: version-update:semver-major
      dependency-group: github-actions
    - dependency-name: actions/download-artifact
      dependency-version: '8'
      dependency-type: direct:production
      update-type: version-update:semver-major
      dependency-group: github-actions
    ...
    
    Signed-off-by: dependabot[bot] <support@github.com>
    Co-authored-by: dependabot[bot] <49699333+dependabot[bot]@users.noreply.github.com>
    
    * Fix #1745 by sorting unordered list of bundle names (#1746)
    
    * Fix #1745 by sorting unordered list of bundle names
    
    * Add release note
    
    * Use production Zenodo rather than sandbox (#1744)
    
    * Use production Zenodo rather than sandbox
    
    (cherry picked from commit f359bbd05625c5c355c7ee01bde36360178c35ea)
    
    * Add release note
    
    * Bugfix calculation of offshore regions (#1739)
    
    * bugfix calculation of offshore regions
    
    * Add release note
    
    * Add type hinting and docstring to build_shapes.eez(...)
    
    * Bugfix: Include solar rooftops as carrier constrained by surface area (#1737)
    
    * Bugfix: Include solar rooftops as carrier constrainted by surface area
    
    * add release notes
    
    * Fix clustering with gadm_layer_id 0 or 2 and alternative_clustering=false (#1714)
    
    * Fix clustering with gadm_layer_id 0 and 2 and alternative_clustering=false
    
    for more information, see https://pre-commit.ci
    
    * Update scripts/build_clustered_population_layouts.py
    
    Co-authored-by: Virio Andreyana <114650479+virio-andreyana@users.noreply.github.com>
    
    * Update scripts/build_solar_thermal_profiles.py
    
    Co-authored-by: Virio Andreyana <114650479+virio-andreyana@users.noreply.github.com>
    
    * Update scripts/build_heat_demand.py
    
    Co-authored-by: Virio Andreyana <114650479+virio-andreyana@users.noreply.github.com>
    
    * Update scripts/build_temperature_profiles.py
    
    Co-authored-by: Virio Andreyana <114650479+virio-andreyana@users.noreply.github.com>
    
    * add release note
    
    * Update scripts/_helpers.py
    
    ---------
    Co-authored-by: Virio Andreyana <114650479+virio-andreyana@users.noreply.github.com>
    
    * Update objective values (#1749)
    
    * Update objective values
    
    * Update the release note
    
    * docs: Complete RST to MkDocs migration with reorganized structure
    
    - Migrate all RST documentation files to Markdown format
    
    - Implement new 6-section documentation structure
    
    - Create organized directory structure
    
    - Add mkdocs.yml configuration with Material theme
    
    - Fix all internal links to match new structure
    
    * docs: Reorganize API reference and fix community section syntax
    
    - Split API reference into separate pages by category
    - Add sector-coupling scripts to API reference
    - Add Advanced API section with monte_carlo and non-workflow scripts
    - Fix syntax errors in community section
    - Update mkdocs.yml navigation and add watch config
    
    * docs(contributor): contrib-readme-action has updated readme (#1651)
    
    Co-authored-by: github-actions[bot] <41898282+github-actions[bot]@users.noreply.github.com>
    
    * fix workflow when augmmented_line_connection is false for Tunisia (#1677)
    
    * fix workflow when augmmented_line_connection is false for Tunisia
    
    * [pre-commit.ci] auto fixes from pre-commit.com hooks
    
    for more information, see https://pre-commit.ci
    
    * add release note
    
    ---------
    
    Co-authored-by: pre-commit-ci[bot] <66853113+pre-commit-ci[bot]@users.noreply.github.com>
    
    * Remove unnecessary installation step (installing solver twice) (#1663)
    
    * No need for separate highspy install, already included in all the OS-specific environment files from step 2
    
    * Fix indenting + adjust instructions per comments PR
    
    Updated formatting for code blocks and readded a step for solvers per discussion
    
    * correct numbering
    
    * consistent indent
    
    * fix labeling (#1644)
    
    * fix labeling H2
    
    * adjust further labeling
    
    * add release note
    
    * docs: move release notes to top-level section
    
    Moved release-notes.md from community/ to doc/ root
    and updated mkdocs.yml navigation for easier discovery
    (per PR review suggestion from davide-f).
    
    * docs: remove mkdocs migration checklist
    
    * --no-edit
    
    * [pre-commit.ci] auto fixes from pre-commit.com hooks
    
    for more information, see https://pre-commit.ci
    
    * docs: remove unused duplicate cleanup script
    
    * docs: remove unused duplicate javascripts and stylesheets
    
    * docs: remove temporary setup_docs script
    
    * Update stars plot (#1758)
    
    * Update stars plot
    
    * Use pure markdown
    
    * Replace with a shorter html version
    
    * Revise to markdown
    
    * Revise markdown
    
    * Replace stale links in config file with up-to-date ones (#1766)
    
    * chore: replace stale links in config file with up-to-date
    
    * chore: replace stale links in config.custom file with up-to-date
    
    * [pre-commit.ci] auto fixes from pre-commit.com hooks
    
    for more information, see https://pre-commit.ci
    
    ---------
    
    Co-authored-by: pre-commit-ci[bot] <66853113+pre-commit-ci[bot]@users.noreply.github.com>
    
    * Sector documentation (Part 2) (#1760)
    
    * split the sector documentation to policy_config, demand_data, export and custom_data
    
    * Sort the sector configuration, add initial csv
    
    * sector.csv is complete
    
    * [pre-commit.ci] auto fixes from pre-commit.com hooks
    
    for more information, see https://pre-commit.ci
    
    * split sector configuration into sub sectors
    
    * add release-notes
    
    * improve tables blanks to not be nan
    
    * use dot instead of whitespace
    
    * check if fix comma
    
    * add further blanks
    
    * add missing snippets
    
    * improve subregion documentation
    
    * add Emmanuel's suggestion
    
    * [pre-commit.ci] auto fixes from pre-commit.com hooks
    
    for more information, see https://pre-commit.ci
    
    ---------
    
    Co-authored-by: pre-commit-ci[bot] <66853113+pre-commit-ci[bot]@users.noreply.github.com>
    
    * Fix application of depth checks when building renewable profiles (#1755)
    
    * Add an additional check to ensure the depth flags are meaningful
    
    * Define a function for checks
    
    * Replace checks with function calls
    
    * Add pre-commit fixes
    
    * Add a release note
    
    * Add pre-commit fixes
    
    * Apply suggestion from @davide-f
    
    Co-authored-by: Davide Fioriti <67809479+davide-f@users.noreply.github.com>
    
    ---------
    
    Co-authored-by: Davide Fioriti <67809479+davide-f@users.noreply.github.com>
    
    * Split cutout retrieval from `retrieve_databundle_light` (#1767)
    
    * Prepare auto cutouts
    
    * [pre-commit.ci] auto fixes from pre-commit.com hooks
    
    for more information, see https://pre-commit.ci
    
    * add release notes
    
    * add retrieve_cutout options
    
    * [pre-commit.ci] auto fixes from pre-commit.com hooks
    
    for more information, see https://pre-commit.ci
    
    * improve databundle_cli to also work for retrieve_cutout
    
    * revert bundle_config. not yet needed
    
    * hotfix: fix download_and_unzip_direct
    
    * [pre-commit.ci] auto fixes from pre-commit.com hooks
    
    for more information, see https://pre-commit.ci
    
    * add delays because retrieve_databundle_light goes to fast
    
    * extend delays
    
    * make delays increase linearly
    
    * update pre-commit
    
    * try other option, only start retrieve_cutout after shapes are built
    
    * Add checks to the retrieved cutout
    
    * add type hinting for retrieve_databundle_light and databundle_cli. Add docstrings as well
    
    ---------
    
    Co-authored-by: pre-commit-ci[bot] <66853113+pre-commit-ci[bot]@users.noreply.github.com>
    Co-authored-by: Davide Fioriti <67809479+davide-f@users.noreply.github.com>
    
    * Streamline subregion implementation, subdivide EEZs for subregions (#1730)
    
    * Streamline subregion implementation, implement in build_bus_regions
    
    * add release notes
    
    * [pre-commit.ci] auto fixes from pre-commit.com hooks
    
    for more information, see https://pre-commit.ci
    
    * add type hinting in build_shapes and build_bus_regions
    
    * apply Davide suggestion, this is breaking change for a feature not yet often used
    
    * minor doc change for subregion.csv
    
    ---------
    
    Co-authored-by: pre-commit-ci[bot] <66853113+pre-commit-ci[bot]@users.noreply.github.com>
    
    * pre-commit run --all
    
    * update image license
    
    * Hotfix: Add options to use custom shapes for offshore subregions (PyPSA-ASEAN)
    
    * Migrate all cost data processing to `process_cost_data.py` (#1719)
    
    * Create process_cost_data.py
    
    * [pre-commit.ci] auto fixes from pre-commit.com hooks
    
    for more information, see https://pre-commit.ci
    
    * fix merge conflict
    
    * Add Yerbol suggestion, add type hinting to process_cost_data
    
    * update some script docstring related to costs because its no longer in params
    
    * pre-commit run --all
    
    ---------
    
    Co-authored-by: pre-commit-ci[bot] <66853113+pre-commit-ci[bot]@users.noreply.github.com>
    Co-authored-by: Ekaterina <e.v.kasilova@gmail.com>
    
    * Hotfix: Fix subregion implementation in build_bus_regions.py
    
    * Filter out transmission project columns (similar to PyPSA-Eur)
    
    * Hotfix: include biomass in DateIn DateOut
    
    * Add ASEAN cutouts to streamline workflow
    
    ---------
    
    Co-authored-by: Will Usher <wusher@kth.se>
    Co-authored-by: Davide Fioriti <67809479+davide-f@users.noreply.github.com>
    Co-authored-by: Anton Achhammer <132910766+doneachh@users.noreply.github.com>
    Co-authored-by: Ekaterina <e.v.kasilova@gmail.com>
    Co-authored-by: Will Usher <will.usher@openenergytransition.org>
    Co-authored-by: Emmanuel Bolarinwa <gbotemibolarinwa@gmail.com>
    Co-authored-by: Jan Tautorus <jan.tautorus@it-u.at>
    Co-authored-by: pre-commit-ci[bot] <66853113+pre-commit-ci[bot]@users.noreply.github.com>

commit a2c5f7b33bb12c4a6f5e06868606ce1dc2d5718c
Author:     Virio Andreyana <114650479+virio-andreyana@users.noreply.github.com>
AuthorDate: 2026-03-26 16:09:53 +0100
Commit:     GitHub <noreply@github.com>
CommitDate: 2026-03-26 16:09:53 +0100

    Sector documentation (Part 2) (#1760)
    
    * split the sector documentation to policy_config, demand_data, export and custom_data
    
    * Sort the sector configuration, add initial csv
    
    * sector.csv is complete
    
    * [pre-commit.ci] auto fixes from pre-commit.com hooks
    
    for more information, see https://pre-commit.ci
    
    * split sector configuration into sub sectors
    
    * add release-notes
    
    * improve tables blanks to not be nan
    
    * use dot instead of whitespace
    
    * check if fix comma
    
    * add further blanks
    
    * add missing snippets
    
    * improve subregion documentation
    
    * add Emmanuel's suggestion
    
    * [pre-commit.ci] auto fixes from pre-commit.com hooks
    
    for more information, see https://pre-commit.ci
    
    ---------
    
    Co-authored-by: pre-commit-ci[bot] <66853113+pre-commit-ci[bot]@users.noreply.github.com>

commit a8987468ceda152ed1152f6c7bfa2ffb79da0837
Author:     Fabian Hofmann <fab.hof@gmx.de>
AuthorDate: 2024-09-19 23:17:23 +0200
Commit:     GitHub <noreply@github.com>
CommitDate: 2024-09-19 23:17:23 +0200

    Merge pull request #1086 from merge-pyspa-earth-sec
    
    * [pre-commit.ci] auto fixes from pre-commit.com hooks
    
    for more information, see https://pre-commit.ci
    
    * Comment add_brownfield to bypass linter
    
    * Add myopic test
    
    * Revise irena and minor fixes
    
    * Revise test name
    
    * Add existing_heating
    
    * implement review suggesstions
    
    * bug fix in solve_network with reference case
    
    * [pre-commit.ci] auto fixes from pre-commit.com hooks
    
    for more information, see https://pre-commit.ci
    
    * Update submodule
    
    * Add zeros for missing entries - aluminium
    
    * [pre-commit.ci] auto fixes from pre-commit.com hooks
    
    for more information, see https://pre-commit.ci
    
    * adding missing templates
    
    * [pre-commit.ci] auto fixes from pre-commit.com hooks
    
    for more information, see https://pre-commit.ci
    
    * [pre-commit.ci] auto fixes from pre-commit.com hooks
    
    for more information, see https://pre-commit.ci
    
    * fix MissingOutputException
    
    * fix TypeError (#321)
    
    * fix TypeError
    
    * Update scripts/prepare_gas_network.py
    
    Co-authored-by: Davide Fioriti <67809479+davide-f@users.noreply.github.com>
    
    ---------
    
    Co-authored-by: Davide Fioriti <67809479+davide-f@users.noreply.github.com>
    
    * solve pandas deprecations
    
    * Add Params for Rule add_export.py
    
    * [pre-commit.ci] auto fixes from pre-commit.com hooks
    
    for more information, see https://pre-commit.ci
    
    * Add Params to Rule build_base_energy_totals
    
    * [pre-commit.ci] auto fixes from pre-commit.com hooks
    
    for more information, see https://pre-commit.ci
    
    * Add Params to Rule build_base_industry_totals
    
    * [pre-commit.ci] auto fixes from pre-commit.com hooks
    
    for more information, see https://pre-commit.ci
    
    * Add Params to Rule build_cop_profiles
    
    * [pre-commit.ci] auto fixes from pre-commit.com hooks
    
    for more information, see https://pre-commit.ci
    
    * Add Params to Rule build_heat_demand
    
    * [pre-commit.ci] auto fixes from pre-commit.com hooks
    
    for more information, see https://pre-commit.ci
    
    * Add Params to build_industrial_distribution_key
    
    * [pre-commit.ci] auto fixes from pre-commit.com hooks
    
    for more information, see https://pre-commit.ci
    
    * Add Params to build_industry_demand
    
    * [pre-commit.ci] auto fixes from pre-commit.com hooks
    
    for more information, see https://pre-commit.ci
    
    * Add Params and urban_percentage effect all Rules
    
    * [pre-commit.ci] auto fixes from pre-commit.com hooks
    
    for more information, see https://pre-commit.ci
    
    * Add Params to build_ship_profile
    
    * [pre-commit.ci] auto fixes from pre-commit.com hooks
    
    for more information, see https://pre-commit.ci
    
    * Add Params build_solar_thermal_profiles
    
    * [pre-commit.ci] auto fixes from pre-commit.com hooks
    
    for more information, see https://pre-commit.ci
    
    * Add Params to build_temperature_profiles
    
    * [pre-commit.ci] auto fixes from pre-commit.com hooks
    
    for more information, see https://pre-commit.ci
    
    * Add Params to copy_config
    
    * [pre-commit.ci] auto fixes from pre-commit.com hooks
    
    for more information, see https://pre-commit.ci
    
    * Add Params make_summary
    
    * [pre-commit.ci] auto fixes from pre-commit.com hooks
    
    for more information, see https://pre-commit.ci
    
    * Add to override_respot + panning_horizons wildcard
    
    * [pre-commit.ci] auto fixes from pre-commit.com hooks
    
    for more information, see https://pre-commit.ci
    
    * Update Snakefile
    
    * Update Snakefile
    
    * Add Params to prepare_airports
    
    * [pre-commit.ci] auto fixes from pre-commit.com hooks
    
    for more information, see https://pre-commit.ci
    
    * Add Params to prepare_gas_network
    
    * [pre-commit.ci] auto fixes from pre-commit.com hooks
    
    for more information, see https://pre-commit.ci
    
    * Add Params to prepare_db and energy_totals
    
    * [pre-commit.ci] auto fixes from pre-commit.com hooks
    
    for more information, see https://pre-commit.ci
    
    * Update Snakefile
    
    * Update add_export.py
    
    * Add Params to build_population_layout
    
    * [pre-commit.ci] auto fixes from pre-commit.com hooks
    
    for more information, see https://pre-commit.ci
    
    * enhance the industry scripts and adapt the fuel aggregation
    
    * [pre-commit.ci] auto fixes from pre-commit.com hooks
    
    for more information, see https://pre-commit.ci
    
    * [pre-commit.ci] auto fixes from pre-commit.com hooks
    
    for more information, see https://pre-commit.ci
    
    * remove legacy EUR code
    
    * remove legacy params form config
    
    * remove legacy params form config
    
    * Update build_base_industry_totals.py
    
    * Update build_base_energy_totals.py
    
    * omit double transpose
    
    * [pre-commit.ci] auto fixes from pre-commit.com hooks
    
    for more information, see https://pre-commit.ci
    
    * remove plotting from workflow
    
    * remove plotting from prepare_gas_network
    
    * Test routine: add Makefile
    CI: consolidate ci.yaml files
    
    * CI: bump cache number, remove os prefixes and labels
    env: remove ipopt restriction
    
    * Makefile: add tutorial yaml as additional config
    
    * snakefile: use config.default as basis
    ci: use tutorial config as secondary config
    
    * snakefile: fix databundle config path
    
    * debug: print out downloaded files
    
    * snakefile: use renewables as bases for used cutouts
    
    * Include scenario management
    
    * Add scenario in tutorial
    
    * Update submodule
    
    * Add shared_cutouts
    
    * Fix missing RDIR_PE
    
    * fix IndexError (#326)
    
    * fix IndexError
    
    * '.' gets only added when len(id) > 3
    
    * fix with layer_id
    
    * Update scripts/prepare_gas_network.py
    
    Co-authored-by: Davide Fioriti <67809479+davide-f@users.noreply.github.com>
    
    * [pre-commit.ci] auto fixes from pre-commit.com hooks
    
    for more information, see https://pre-commit.ci
    
    * fix index error when layer_id == 0
    
    ---------
    
    Co-authored-by: Davide Fioriti <67809479+davide-f@users.noreply.github.com>
    Co-authored-by: pre-commit-ci[bot] <66853113+pre-commit-ci[bot]@users.noreply.github.com>
    
    * solve_network: modularize solver_options to allow for incremental config changes
    config: harmonize and apply yaml linting
    
    * refactor configs: boil down to effective diff in tutorial yaml and scenarios yaml
    
    * test: remove config no_progress
    
    * ci: disable for windows
    
    * helpers: use copy_default_files
    
    * config: make config.default + config.tutorial match old config.tutorial
    
    * solve_network: fix options assignment in prepare
    
    * add build_heating_distribution
    
    * Update licensing
    
    * Set location to Earth
    
    * Update cluster pop
    
    * Fix typos
    
    * Bugfix to skip h2 pipelines with missing buses
    
    * Bugfix h2_network loc
    
    * reintroduce config.tutorial.yaml as basis (possibly revert this commit later to reenable config.default)
    
    * doc: update testing documentation [skip ci]
    
    * add comments to makefile
    
    * Update myopic test
    
    * Bugfix none location in build_industrial_database
    
    * Revise run_test myopic name
    
    * revert transpose
    
    * delete plot_network_eur.py
    
    * minor bug in build_base_energy_totals
    
    * [pre-commit.ci] auto fixes from pre-commit.com hooks
    
    for more information, see https://pre-commit.ci
    
    * Update build_base_industry_totals.py
    
    * adapt build_base_energy and build_base_industry to params
    
    * add missing param in snakefile
    
    * [pre-commit.ci] auto fixes from pre-commit.com hooks
    
    for more information, see https://pre-commit.ci
    
    * Revise myopic test file
    
    * fix param in snakefile
    
    * [pre-commit.ci] auto fixes from pre-commit.com hooks
    
    for more information, see https://pre-commit.ci
    
    * reset config.pypsa-earth.yaml
    
    * [pre-commit.ci] auto fixes from pre-commit.com hooks
    
    for more information, see https://pre-commit.ci
    
    * Update Snakefile
    
    * handle exception to avoid reference before assignment error
    
    * Add different scenario name for subworkflow
    
    * Fix myopic test
    
    * [pre-commit.ci] auto fixes from pre-commit.com hooks
    
    for more information, see https://pre-commit.ci
    
    * Update config.test_myopic.yaml to include new parameter
    
    * replace snakemake subworkflow by submodule; fix path relations
    
    * fill NaN without international bunkers
    
    * remove factor for gas emissions from residential and services sector
    
    * account for multi-country-cases
    
    * snakefile: replace rdir by resdir for compatibility with pypsa-earth
    
    * Update build_base_industry_totals.py
    
    * Update Snakefile
    
    * [pre-commit.ci] auto fixes from pre-commit.com hooks
    
    for more information, see https://pre-commit.ci
    
    * Update build_base_industry_totals.py
    
    * modified config to fix nan objective value
    
    * print objective value to terminal
    
    * fix for urls not working
    
    * [pre-commit.ci] auto fixes from pre-commit.com hooks
    
    for more information, see https://pre-commit.ci
    
    * added license for datasets
    
    * Update README.md
    
    * Update README.md
    
    * Final README adaptations before v0.2 release (#364)
    
    * Adding the updated network representation figure
    
    * Delete docs/SCPE_v0.2.pdf
    
    * Include new network representaion figure as png
    
    * Update README.md
    
    * Embed the new network figure in the readme
    
    * Delete outdated incomplete network configurations
    
    * updated pypsa-earth submodule to v0.4.0
    
    * adjust modular solver options
    
    * resolve global paths
    
    * workflow: use global root directory to avoid recursive upwards chdir
    
    * update pypsa-earth commit
    
    * revert changes to config.default and config.tutorial priority
    
    * udpate pypsa-earth
    
    * consolidate CI yaml
    
    * yamllint: align formatting and config
    
    * Snakefile: fix SDIR and RESDIR path ending
    
    * ci.yaml include git submodule
    
    * fix duplicated "/"
    
    * remove config.pypsa-earth.yaml in favour of actual pypsa-earth default config
    
    * remove pypsa-earth.config from copy_config
    
    * ci: use one core to better track log
    
    * test: use more core
    
    * make yamllint compatible
    
    * build_renewable_profiles: use local client in order to suppress verbose dask output
    
    * update submodule
    
    * config: consolidate clustering key
    snakefile: fix cost retrieval
    
    * [pre-commit.ci] auto fixes from pre-commit.com hooks
    
    for more information, see https://pre-commit.ci
    
    * solve_networks: fix network reference for sector coupled case
    
    * address review comments
    
    * config.myopic.yaml: revert country order again
    
    * Update README.md
    
    Co-authored-by: Davide Fioriti <67809479+davide-f@users.noreply.github.com>
    
    * address davides comments (first round)
    
    * consolidate current working directory; considate helpers scripts
    
    * fix reference to helpers script; fix fiona version
    
    * env: update ppm version
    
    * build_industrial_database: make retrieval robust against restrictive permissions
    
    * follow up: consolidate restrictive url retrievals
    
    * helpers: reinsert gadm functions from pypsa-earth-sec due to discrepancies (solve those later)
    
    * env: temporarily install new earth osm version from pypi
    
    * ci: restrict ipopt for windows
    
    * env: follow up
    
    * ci: roll back and disable windows
    
    * _helpers: try make content_retrieval more robust
    
    * Update README.md
    
    Co-authored-by: Ekaterina <e.v.kasilova@gmail.com>
    
    * config: bump version; add `allow_scenario_failure` flag; remove `base` cutout comment
    
    * Snakefile: make cutout path consistent for sector-coupled version
    config.default: make hydro extedable again
    
    * helpers: fix numpy random usage
    
    * properly remove submodule
    
    * add version tag to all configs
    
    * env: update powerplantmatching
    
    * add missing config version tag
    
    * update powerplantmatching
    
    * follow up: move ppm installation to pip while conda is not out
    
    * readme: add description on running previous models
    
    * helpers: add HTTPError as allowed exception
    
    * config: remove lifetime from config.default
    
    * harmonize cost calculation in sector coupled model
    
    * bump version tag in readme [skip ci]
    
    * update README to account for Hazem's comments
    
    ---------
    
    Co-authored-by: pre-commit-ci[bot] <66853113+pre-commit-ci[bot]@users.noreply.github.com>
    Co-authored-by: davide-f <fioritidavidesubs@gmail.com>
    Co-authored-by: Hazem-IEG <hazem.abdel-khalek@ieg.fraunhofer.de>
    Co-authored-by: Davide Fioriti <67809479+davide-f@users.noreply.github.com>
    Co-authored-by: Hazem <87850910+hazemakhalek@users.noreply.github.com>
    Co-authored-by: Eddy Jalbout <75539255+Eddy-JV@users.noreply.github.com>
    Co-authored-by: finozzifa <167071962+finozzifa@users.noreply.github.com>
    Co-authored-by: Anton Achhammer <anton.achhammer@oth-regensburg.de>
    Co-authored-by: Anton Achhammer <132910766+doneachh@users.noreply.github.com>
    Co-authored-by: Fabrizio Finozzi <fabrizio.finozzi.business@gmail.com>
    Co-authored-by: Eddy-JV <eddy.jalbout@gmail.com>
    Co-authored-by: energyLS <89515385+energyLS@users.noreply.github.com>
    Co-authored-by: cpschau <caspar.schauss@ieg.fraunhofer.de>
    Co-authored-by: Emmanuel Bolarinwa <gbotemibolarinwa@gmail.com>
    Co-authored-by: Ekaterina <e.v.kasilova@gmail.com>
